ASxxxx Linker V03.00 + NoICE + sdld,  page 1.
Hexadecimal  [32-Bits]

Area                                    Addr        Size        Decimal Bytes (Attributes)
--------------------------------        ----        ----        ------- ----- ------------
.  .ABS.                            00000000    00000000 =           0. bytes (ABS,CON)

      Value  Global                              Global Defined In Module
      -----  --------------------------------   ------------------------
     00000000  .__.ABS.                           
     00000000  l__CABS                         
     00000000  l__DABS                         
     00000000  l__GSINIT                       
     00000000  l__HEADER                       
     00000000  l__HEAP                         
     00000000  l__HOME                         
     00000000  l__INITIALIZED                  
     00000000  l__INITIALIZER                  
     00000000  s__CABS                         
     00000000  s__DABS                         
     00000000  s__HEADER                       
     00000000  s__HEADER0                      
     00000001  l__GSFINAL                      
     00000005  l__DATA                         
     00000006  l__HEADER0                      
     00000006  s__CODE                         
     00000839  l__CODE                         
     0000083F  s__DATA                         
     00000844  s__GSFINAL                      
     00000844  s__GSINIT                       
     00000844  s__HOME                         
     00000844  s__INITIALIZED                  
     00000845  s__HEAP                         
     00000845  s__INITIALIZER                  

ASxxxx Linker V03.00 + NoICE + sdld,  page 2.
Hexadecimal  [32-Bits]

Area                                    Addr        Size        Decimal Bytes (Attributes)
--------------------------------        ----        ----        ------- ----- ------------
_CODE                               00000006    00000839 =        2105. bytes (REL,CON)

      Value  Global                              Global Defined In Module
      -----  --------------------------------   ------------------------
     00000006  _do_scrolldown_sector              main
     000000EE  _do_scrolldown_looped              main
     00000199  _do_scrolldown                     main
     00000238  _do_scrollup_sector                main
     000002FA  _do_scrollup_looped                main
     000003A4  _do_scrollup                       main
     00000440  _setTileUpdateMap                  main
     00000476  _main                              main
     00000621  _memset                            evo
     00000637  _memcpy                            evo
     0000064C  _border                            evo
     00000661  _vsync                             evo
     00000663  _joystick                          evo
     00000666  _keyboard                          evo
     00000670  _mouse_pos                         evo
     00000688  _mouse_set                         evo
     00000698  _mouse_clip                        evo
     000006B2  _mouse_delta                       evo
     000006CA  _sfx_play                          evo
     000006D4  _sfx_stop                          evo
     000006D7  _music_play                        evo
     000006DF  _music_stop                        evo
     000006E2  _sample_play                       evo
     000006EA  _rand16                            evo
     0000070A  _pal_clear                         evo
     00000719  _pal_select                        evo
     00000721  _pal_bright                        evo
     00000729  _pal_col                           evo
     0000073E  _pal_copy                          evo
     0000074A  _pal_custom                        evo
     00000764  _draw_tile                         evo
     00000772  _draw_tile_key                     evo
     00000780  _draw_image                        evo
     000007A4  _draw_image_extra                  evo
     000007CD  _clear_screen                      evo
     000007D5  _swap_screen                       evo
     000007D8  _select_image                      evo
     000007E0  _color_key                         evo
     000007E8  _set_sprite                        evo
     00000812  _sprites_start                     evo
     00000815  _sprites_stop                      evo
     00000818  _time                              evo
     00000824  _delay                             evo
     00000835  ___sdcc_enter_ix                   

ASxxxx Linker V03.00 + NoICE + sdld,  page 3.
Hexadecimal  [32-Bits]

Area                                    Addr        Size        Decimal Bytes (Attributes)
--------------------------------        ----        ----        ------- ----- ------------
_DATA                               0000083F    00000005 =           5. bytes (REL,CON)

      Value  Global                              Global Defined In Module
      -----  --------------------------------   ------------------------
     00000842  _heap_top                          

ASxxxx Linker V03.00 + NoICE + sdld,  page 4.
Hexadecimal  [32-Bits]

Area                                    Addr        Size        Decimal Bytes (Attributes)
--------------------------------        ----        ----        ------- ----- ------------
_GSFINAL                            00000844    00000001 =           1. bytes (REL,CON)

      Value  Global                              Global Defined In Module
      -----  --------------------------------   ------------------------
ASxxxx Linker V03.00 + NoICE + sdld,  page 5.
Hexadecimal  [32-Bits]

Area                                    Addr        Size        Decimal Bytes (Attributes)
--------------------------------        ----        ----        ------- ----- ------------
_HEADER0                            00000000    00000006 =           6. bytes (ABS,CON)

      Value  Global                              Global Defined In Module
      -----  --------------------------------   ------------------------
ASxxxx Linker V03.00 + NoICE + sdld,  page 6.
Hexadecimal  [32-Bits]

Area                                    Addr        Size        Decimal Bytes (Attributes)
--------------------------------        ----        ----        ------- ----- ------------
_HEAP                               00000845    00000000 =           0. bytes (REL,CON)

      Value  Global                              Global Defined In Module
      -----  --------------------------------   ------------------------
     00000845  _HEAP_start                        

ASxxxx Linker V03.00 + NoICE + sdld,  page 7.

Files Linked                              [ module(s) ]

_temp_\out.rel                            [ main ]
..\_sdk\crt0.rel                          [  ]
..\_sdk\evo.rel                           [ evo ]


Libraries Linked                          [ object file ]

h:\altera\nedoos\nedoos\nedoos\src\games\_sdk\tools\sdcc\bin\..\lib\z80/z80.lib
                                          [ crtenter.rel ]

ASxxxx Linker V03.00 + NoICE + sdld,  page 8.

User Base Address Definitions

_CODE = 0x0006
_DATA = 0x0000

