                              1 ;--------------------------------------------------------
                              2 ; File Created by SDCC : free open source ANSI-C Compiler
                              3 ; Version 3.9.0 #11195 (MINGW32)
                              4 ;--------------------------------------------------------
                              5 	.module main
                              6 	.optsdcc -mz80
                              7 	
                              8 ;--------------------------------------------------------
                              9 ; Public variables in this module
                             10 ;--------------------------------------------------------
                             11 	.globl _main
                             12 	.globl _setTileUpdateMap
                             13 	.globl _do_scrollup
                             14 	.globl _do_scrollup_looped
                             15 	.globl _do_scrollup_sector
                             16 	.globl _do_scrolldown
                             17 	.globl _do_scrolldown_looped
                             18 	.globl _do_scrolldown_sector
                             19 	.globl _set_sprite
                             20 	.globl _sprites_start
                             21 	.globl _swap_screen
                             22 	.globl _draw_image
                             23 	.globl _draw_tile
                             24 	.globl _select_image
                             25 	.globl _pal_select
                             26 ;--------------------------------------------------------
                             27 ; special function registers
                             28 ;--------------------------------------------------------
                             29 ;--------------------------------------------------------
                             30 ; ram data
                             31 ;--------------------------------------------------------
                             32 	.area _DATA
   0000                      33 _gl_addr:
   0000                      34 	.ds 2
   0002                      35 _gl_page:
   0002                      36 	.ds 1
                             37 ;--------------------------------------------------------
                             38 ; ram data
                             39 ;--------------------------------------------------------
                             40 	.area _INITIALIZED
                             41 ;--------------------------------------------------------
                             42 ; absolute external ram data
                             43 ;--------------------------------------------------------
                             44 	.area _DABS (ABS)
                             45 ;--------------------------------------------------------
                             46 ; global & static initialisations
                             47 ;--------------------------------------------------------
                             48 	.area _HOME
                             49 	.area _GSINIT
                             50 	.area _GSFINAL
                             51 	.area _GSINIT
                             52 ;--------------------------------------------------------
                             53 ; Home
                             54 ;--------------------------------------------------------
                             55 	.area _HOME
                             56 	.area _HOME
                             57 ;--------------------------------------------------------
                             58 ; code
                             59 ;--------------------------------------------------------
                             60 	.area _CODE
                             61 ;main.c:88: void do_scrolldown_sector(u8 shift,u8 start, u8 finish) __naked
                             62 ;	---------------------------------
                             63 ; Function do_scrolldown_sector
                             64 ; ---------------------------------
   0000                      65 _do_scrolldown_sector::
                             66 ;main.c:258: __endasm;
   0000 DD E5         [15]   67 	push	ix
   0002 DD 21 00 00   [14]   68 	ld	ix,#0
   0006 DD 39         [15]   69 	add	ix,sp
   0008 3A 57 FF      [13]   70 	ld	a,(0x0000FF57)
   000B CB 4F         [ 8]   71 	bit	1,a
   000D 28 05         [12]   72 	jr	z,secpageds
   000F                      73 	frstpageds:
   000F 3E 01         [ 7]   74 	ld	a,#0x1
   0011 C3r16r00      [10]   75 	jp	dopageds
   0014                      76 	secpageds:
   0014 3E 03         [ 7]   77 	ld	a,#0x3
   0016                      78 	dopageds:
   0016 32r02r00      [13]   79 	ld	(_gl_page),a
   0019                      80 	begds:
   0019 3Ar02r00      [13]   81 	ld	a,(_gl_page)
   001C EE 7F         [ 7]   82 	xor	#0x7f
   001E 01 F7 BF      [10]   83 	ld	bc,#0xbff7
   0021 32 52 FF      [13]   84 	ld	(0x0000FF52),a
   0024 ED 79         [12]   85 	out	(c),a
   0026                      86 	beg2ds:
   0026 0E 00         [ 7]   87 	ld	c,#0x0
   0028 DD 46 04      [19]   88 	ld	b, 4 (ix)
   002B 05            [ 4]   89 	dec	b
   002C 21 28 00      [10]   90 	ld	hl,#0x28
   002F 11 28 00      [10]   91 	ld	de,#0x28
   0032 28 03         [12]   92 	jr	z,zerds
   0034                      93 	mulds:
   0034 19            [11]   94 	add	hl,de
   0035 10 FD         [13]   95 	djnz	mulds
   0037                      96 	zerds:
   0037 ED 5Br00r00   [20]   97 	ld	de,(_gl_addr)
   003B 44            [ 4]   98 	ld	b,h
   003C 4D            [ 4]   99 	ld	c,l
   003D 19            [11]  100 	add	hl,de
   003E 11 40 1F      [10]  101 	ld	de,#0x1f40
   0041 19            [11]  102 	add	hl,de
   0042 E5            [11]  103 	push	hl
   0043 2Ar00r00      [16]  104 	ld	hl,(_gl_addr)
   0046 11 40 1F      [10]  105 	ld	de,#0x1f40
   0049 19            [11]  106 	add	hl,de
   004A D1            [10]  107 	pop	de
   004B DD 7E 06      [19]  108 	ld	a,6 (ix)
   004E DD 4E 05      [19]  109 	ld	c,5 (ix)
   0051 06 00         [ 7]  110 	ld	b,#0x0
   0053 09            [11]  111 	add	hl,bc
   0054 EB            [ 4]  112 	ex	de,hl
   0055 09            [11]  113 	add	hl,bc
   0056 EB            [ 4]  114 	ex	de,hl
   0057 91            [ 4]  115 	sub	c
   0058 F5            [11]  116 	push	af
   0059 C5            [11]  117 	push	bc
   005A 06 C9         [ 7]  118 	ld	b,#0xc9
   005C                     119 	movds:
   005C C5            [11]  120 	push	bc
   005D E5            [11]  121 	push	hl
   005E D5            [11]  122 	push	de
   005F 06 00         [ 7]  123 	ld	b,#0x0
   0061 4F            [ 4]  124 	ld	c,a
   0062 ED B0         [21]  125 	ldir
   0064 E1            [10]  126 	pop	hl
   0065 01 28 00      [10]  127 	ld	bc,#0x28
   0068 ED 42         [15]  128 	sbc	hl, bc
   006A 54            [ 4]  129 	ld	d,h
   006B 5D            [ 4]  130 	ld	e,l
   006C E1            [10]  131 	pop	hl
   006D ED 42         [15]  132 	sbc	hl, bc
   006F C1            [10]  133 	pop	bc
   0070 10 EA         [13]  134 	djnz	movds
   0072 C1            [10]  135 	pop	bc
   0073 2Ar00r00      [16]  136 	ld	hl,(_gl_addr)
   0076 11 40 1F      [10]  137 	ld	de,#0x1f40
   0079 19            [11]  138 	add	hl,de
   007A 09            [11]  139 	add	hl,bc
   007B EB            [ 4]  140 	ex	de,hl
   007C 2Ar00r00      [16]  141 	ld	hl,(_gl_addr)
   007F 09            [11]  142 	add	hl,bc
   0080 EB            [ 4]  143 	ex	de,hl
   0081 C1            [10]  144 	pop	bc
   0082 78            [ 4]  145 	ld	a,b
   0083 0E 00         [ 7]  146 	ld	c,#0x0
   0085 DD 46 04      [19]  147 	ld	b, 4 (ix)
   0088                     148 	adcpyds:
   0088 C5            [11]  149 	push	bc
   0089 06 00         [ 7]  150 	ld	b,#0x0
   008B 4F            [ 4]  151 	ld	c,a
   008C E5            [11]  152 	push	hl
   008D D5            [11]  153 	push	de
   008E ED B0         [21]  154 	ldir
   0090 D1            [10]  155 	pop	de
   0091 E1            [10]  156 	pop	hl
   0092 01 28 00      [10]  157 	ld	bc,#0x28
   0095 09            [11]  158 	add	hl, bc
   0096 EB            [ 4]  159 	ex	de,hl
   0097 09            [11]  160 	add	hl, bc
   0098 EB            [ 4]  161 	ex	de,hl
   0099 C1            [10]  162 	pop	bc
   009A 10 EC         [13]  163 	djnz	adcpyds
   009C 2Ar00r00      [16]  164 	ld	hl,(_gl_addr)
   009F 01 00 80      [10]  165 	ld	bc,#0x8000
   00A2 ED 42         [15]  166 	sbc	hl,bc
   00A4 28 03         [12]  167 	jr	z,addrifds
   00A6 C3rB2r00      [10]  168 	jp	nxtds
   00A9                     169 	addrifds:
   00A9 21 00 A0      [10]  170 	ld	hl,#0xa000
   00AC 22r00r00      [16]  171 	ld(_gl_addr),hl
   00AF C3r26r00      [10]  172 	jp	beg2ds
   00B2                     173 	nxtds:
   00B2 21 00 80      [10]  174 	ld	hl,#0x8000
   00B5 22r00r00      [16]  175 	ld(_gl_addr),hl
   00B8 3Ar02r00      [13]  176 	ld	a,(_gl_page)
   00BB 06 01         [ 7]  177 	ld	b,#0x1
   00BD 90            [ 4]  178 	sub	b
   00BE 28 03         [12]  179 	jr	z, frst_chngds
   00C0 C3rCBr00      [10]  180 	jp	next_page_ifds
   00C3                     181 	frst_chngds:
   00C3 3E 05         [ 7]  182 	ld	a,#0x5
   00C5 32r02r00      [13]  183 	ld	(_gl_page),a
   00C8 C3r19r00      [10]  184 	jp	begds
   00CB                     185 	next_page_ifds:
   00CB 3Ar02r00      [13]  186 	ld	a,(_gl_page)
   00CE 06 03         [ 7]  187 	ld	b,#0x3
   00D0 90            [ 4]  188 	sub	b
   00D1 28 03         [12]  189 	jr	z, sec_chngds
   00D3 C3rDEr00      [10]  190 	jp	endds
   00D6                     191 	sec_chngds:
   00D6 3E 07         [ 7]  192 	ld	a,#0x7
   00D8 32r02r00      [13]  193 	ld	(_gl_page),a
   00DB C3r19r00      [10]  194 	jp	begds
   00DE                     195 	endds:
   00DE 01 F7 BF      [10]  196 	ld bc,#0xbff7
   00E1 3E 71         [ 7]  197 	ld	a,#0x71
   00E3 ED 79         [12]  198 	out	(c),a
   00E5 DD E1         [14]  199 	pop	ix
   00E7 C9            [10]  200 	ret
                            201 ;main.c:259: }
                            202 ;main.c:260: void do_scrolldown_looped(u8 shift) __naked
                            203 ;	---------------------------------
                            204 ; Function do_scrolldown_looped
                            205 ; ---------------------------------
   00E8                     206 _do_scrolldown_looped::
                            207 ;main.c:370: __endasm;
   00E8 DD E5         [15]  208 	push	ix
   00EA DD 21 00 00   [14]  209 	ld	ix,#0
   00EE DD 39         [15]  210 	add	ix,sp
   00F0 01 FD 7F      [10]  211 	ld	bc,#0x7ffd
   00F3 3A 57 FF      [13]  212 	ld	a,(0x0000FF57)
   00F6 CB 4F         [ 8]  213 	bit	1,a
   00F8 28 05         [12]  214 	jr	z,secpagedl
   00FA                     215 	frstpagedl:
   00FA 3E 01         [ 7]  216 	ld	a,#0x1
   00FC C3r01r01      [10]  217 	jp	dopagedl
   00FF                     218 	secpagedl:
   00FF 3E 03         [ 7]  219 	ld	a,#0x3
   0101                     220 	dopagedl:
   0101 32r02r00      [13]  221 	ld	(_gl_page),a
   0104                     222 	begdl:
   0104 3Ar02r00      [13]  223 	ld	a,(_gl_page)
   0107 EE 7F         [ 7]  224 	xor	#0x7f
   0109 01 F7 BF      [10]  225 	ld	bc,#0xbff7
   010C 32 52 FF      [13]  226 	ld	(0x0000FF52),a
   010F ED 79         [12]  227 	out	(c),a
   0111                     228 	beg2dl:
   0111 0E 00         [ 7]  229 	ld	c,#0x0
   0113 DD 46 04      [19]  230 	ld	b, 4 (ix)
   0116 05            [ 4]  231 	dec	b
   0117 21 28 00      [10]  232 	ld	hl,#0x28
   011A 11 28 00      [10]  233 	ld	de,#0x28
   011D 28 03         [12]  234 	jr	z,zerdl
   011F                     235 	muldl:
   011F 19            [11]  236 	add	hl,de
   0120 10 FD         [13]  237 	djnz	muldl
   0122                     238 	zerdl:
   0122 ED 5Br00r00   [20]  239 	ld	de,(_gl_addr)
   0126 44            [ 4]  240 	ld	b,h
   0127 4D            [ 4]  241 	ld	c,l
   0128 C5            [11]  242 	push	bc
   0129 19            [11]  243 	add	hl,de
   012A 11 40 1F      [10]  244 	ld	de,#0x1f40
   012D 19            [11]  245 	add	hl,de
   012E E5            [11]  246 	push	hl
   012F 2Ar00r00      [16]  247 	ld	hl,(_gl_addr)
   0132 19            [11]  248 	add	hl,de
   0133 E5            [11]  249 	push	hl
   0134 21 40 1F      [10]  250 	ld	hl,#0x1f40
   0137 44            [ 4]  251 	ld	b,h
   0138 4D            [ 4]  252 	ld	c,l
   0139 03            [ 6]  253 	inc	bc
   013A E1            [10]  254 	pop	hl
   013B D1            [10]  255 	pop	de
   013C E5            [11]  256 	push	hl
   013D ED B8         [21]  257 	lddr
   013F E1            [10]  258 	pop	hl
   0140 C1            [10]  259 	pop	bc
   0141 ED 5Br00r00   [20]  260 	ld	de,(_gl_addr)
   0145 ED B0         [21]  261 	ldir
   0147 2Ar00r00      [16]  262 	ld	hl,(_gl_addr)
   014A 01 00 80      [10]  263 	ld	bc,#0x8000
   014D ED 42         [15]  264 	sbc	hl,bc
   014F 28 03         [12]  265 	jr	z,addrifdl
   0151 C3r5Dr01      [10]  266 	jp	nxtdl
   0154                     267 	addrifdl:
   0154 21 00 A0      [10]  268 	ld	hl,#0xa000
   0157 22r00r00      [16]  269 	ld(_gl_addr),hl
   015A C3r11r01      [10]  270 	jp	beg2dl
   015D                     271 	nxtdl:
   015D 21 00 80      [10]  272 	ld	hl,#0x8000
   0160 22r00r00      [16]  273 	ld(_gl_addr),hl
   0163 3Ar02r00      [13]  274 	ld	a,(_gl_page)
   0166 06 01         [ 7]  275 	ld	b,#0x1
   0168 90            [ 4]  276 	sub	b
   0169 28 03         [12]  277 	jr	z, frst_chngdl
   016B C3r76r01      [10]  278 	jp	next_page_ifdl
   016E                     279 	frst_chngdl:
   016E 3E 05         [ 7]  280 	ld	a,#0x5
   0170 32r02r00      [13]  281 	ld	(_gl_page),a
   0173 C3r04r01      [10]  282 	jp	begdl
   0176                     283 	next_page_ifdl:
   0176 3Ar02r00      [13]  284 	ld	a,(_gl_page)
   0179 06 03         [ 7]  285 	ld	b,#0x3
   017B 90            [ 4]  286 	sub	b
   017C 28 03         [12]  287 	jr	z, sec_chngdl
   017E C3r89r01      [10]  288 	jp	enddl
   0181                     289 	sec_chngdl:
   0181 3E 07         [ 7]  290 	ld	a,#0x7
   0183 32r02r00      [13]  291 	ld	(_gl_page),a
   0186 C3r04r01      [10]  292 	jp	begdl
   0189                     293 	enddl:
   0189 01 F7 BF      [10]  294 	ld bc,#0xbff7
   018C 3E 71         [ 7]  295 	ld	a,#0x71
   018E ED 79         [12]  296 	out	(c),a
   0190 DD E1         [14]  297 	pop	ix
   0192 C9            [10]  298 	ret
                            299 ;main.c:371: }
                            300 ;main.c:372: void do_scrolldown(u8 shift) __naked
                            301 ;	---------------------------------
                            302 ; Function do_scrolldown
                            303 ; ---------------------------------
   0193                     304 _do_scrolldown::
                            305 ;main.c:478: __endasm;
   0193 DD E5         [15]  306 	push	ix
   0195 DD 21 00 00   [14]  307 	ld	ix,#0
   0199 DD 39         [15]  308 	add	ix,sp
   019B 3A 57 FF      [13]  309 	ld	a,(0x0000FF57)
   019E CB 4F         [ 8]  310 	bit	1,a
   01A0 28 05         [12]  311 	jr	z,secpaged
   01A2                     312 	frstpaged:
   01A2 3E 01         [ 7]  313 	ld	a,#0x1
   01A4 C3rA9r01      [10]  314 	jp	dopaged
   01A7                     315 	secpaged:
   01A7 3E 03         [ 7]  316 	ld	a,#0x3
   01A9                     317 	dopaged:
   01A9 32r02r00      [13]  318 	ld	(_gl_page),a
   01AC                     319 	begd:
   01AC 3Ar02r00      [13]  320 	ld	a,(_gl_page)
   01AF EE 7F         [ 7]  321 	xor	#0x7f
   01B1 01 F7 BF      [10]  322 	ld	bc,#0xbff7
   01B4 32 52 FF      [13]  323 	ld	(0x0000FF52),a
   01B7 ED 79         [12]  324 	out	(c),a
   01B9                     325 	beg2d:
   01B9 0E 00         [ 7]  326 	ld	c,#0x0
   01BB DD 46 04      [19]  327 	ld	b, 4 (ix)
   01BE 05            [ 4]  328 	dec	b
   01BF 21 28 00      [10]  329 	ld	hl,#0x28
   01C2 11 28 00      [10]  330 	ld	de,#0x28
   01C5 28 03         [12]  331 	jr	z,zerd
   01C7                     332 	muld:
   01C7 19            [11]  333 	add	hl,de
   01C8 10 FD         [13]  334 	djnz	muld
   01CA                     335 	zerd:
   01CA ED 5Br00r00   [20]  336 	ld	de,(_gl_addr)
   01CE 44            [ 4]  337 	ld	b,h
   01CF 4D            [ 4]  338 	ld	c,l
   01D0 19            [11]  339 	add	hl,de
   01D1 11 40 1F      [10]  340 	ld	de,#0x1f40
   01D4 19            [11]  341 	add	hl,de
   01D5 E5            [11]  342 	push	hl
   01D6 2Ar00r00      [16]  343 	ld	hl,(_gl_addr)
   01D9 19            [11]  344 	add	hl,de
   01DA E5            [11]  345 	push	hl
   01DB 21 40 1F      [10]  346 	ld	hl,#0x1f40
   01DE ED 42         [15]  347 	sbc	hl,bc
   01E0 44            [ 4]  348 	ld	b,h
   01E1 4D            [ 4]  349 	ld	c,l
   01E2 E1            [10]  350 	pop	hl
   01E3 D1            [10]  351 	pop	de
   01E4 ED B8         [21]  352 	lddr
   01E6 2Ar00r00      [16]  353 	ld	hl,(_gl_addr)
   01E9 01 00 80      [10]  354 	ld	bc,#0x8000
   01EC ED 42         [15]  355 	sbc	hl,bc
   01EE 28 03         [12]  356 	jr	z,addrifd
   01F0 C3rFCr01      [10]  357 	jp	nxtd
   01F3                     358 	addrifd:
   01F3 21 00 A0      [10]  359 	ld	hl,#0xa000
   01F6 22r00r00      [16]  360 	ld(_gl_addr),hl
   01F9 C3rB9r01      [10]  361 	jp	beg2d
   01FC                     362 	nxtd:
   01FC 21 00 80      [10]  363 	ld	hl,#0x8000
   01FF 22r00r00      [16]  364 	ld(_gl_addr),hl
   0202 3Ar02r00      [13]  365 	ld	a,(_gl_page)
   0205 06 01         [ 7]  366 	ld	b,#0x1
   0207 90            [ 4]  367 	sub	b
   0208 28 03         [12]  368 	jr	z, frst_chngd
   020A C3r15r02      [10]  369 	jp	next_page_ifd
   020D                     370 	frst_chngd:
   020D 3E 05         [ 7]  371 	ld	a,#0x5
   020F 32r02r00      [13]  372 	ld	(_gl_page),a
   0212 C3rACr01      [10]  373 	jp	begd
   0215                     374 	next_page_ifd:
   0215 3Ar02r00      [13]  375 	ld	a,(_gl_page)
   0218 06 03         [ 7]  376 	ld	b,#0x3
   021A 90            [ 4]  377 	sub	b
   021B 28 03         [12]  378 	jr	z, sec_chngd
   021D C3r28r02      [10]  379 	jp	endd
   0220                     380 	sec_chngd:
   0220 3E 07         [ 7]  381 	ld	a,#0x7
   0222 32r02r00      [13]  382 	ld	(_gl_page),a
   0225 C3rACr01      [10]  383 	jp	begd
   0228                     384 	endd:
   0228 01 F7 BF      [10]  385 	ld bc,#0xbff7
   022B 3E 71         [ 7]  386 	ld	a,#0x71
   022D ED 79         [12]  387 	out	(c),a
   022F DD E1         [14]  388 	pop	ix
   0231 C9            [10]  389 	ret
                            390 ;main.c:479: }
                            391 ;main.c:481: void do_scrollup_sector(u8 shift,u8 start, u8 finish) __naked
                            392 ;	---------------------------------
                            393 ; Function do_scrollup_sector
                            394 ; ---------------------------------
   0232                     395 _do_scrollup_sector::
                            396 ;main.c:616: __endasm;
   0232 DD E5         [15]  397 	push	ix
   0234 DD 21 00 00   [14]  398 	ld	ix,#0
   0238 DD 39         [15]  399 	add	ix,sp
   023A 3A 57 FF      [13]  400 	ld	a,(0x0000FF57)
   023D CB 4F         [ 8]  401 	bit	1,a
   023F 28 05         [12]  402 	jr	z,secpages
   0241                     403 	frstpages:
   0241 3E 01         [ 7]  404 	ld	a,#0x1
   0243 C3r48r02      [10]  405 	jp	dopages
   0246                     406 	secpages:
   0246 3E 03         [ 7]  407 	ld	a,#0x3
   0248                     408 	dopages:
   0248 32r02r00      [13]  409 	ld	(_gl_page),a
   024B                     410 	begs:
   024B 3Ar02r00      [13]  411 	ld	a,(_gl_page)
   024E EE 7F         [ 7]  412 	xor	#0x7f
   0250 01 F7 BF      [10]  413 	ld	bc,#0xbff7
   0253 32 52 FF      [13]  414 	ld	(0x0000FF52),a
   0256 ED 79         [12]  415 	out	(c),a
   0258                     416 	beg2s:
   0258 01 A0 00      [10]  417 	ld	bc,#0xA0
   025B 2Ar00r00      [16]  418 	ld	hl,(_gl_addr)
   025E 11 40 1F      [10]  419 	ld	de,#0x1f40
   0261 19            [11]  420 	add	hl,de
   0262 54            [ 4]  421 	ld	d,h
   0263 5D            [ 4]  422 	ld	e,l
   0264 2Ar00r00      [16]  423 	ld	hl,(_gl_addr)
   0267 ED B0         [21]  424 	ldir
   0269 0E 00         [ 7]  425 	ld	c,#0x0
   026B DD 46 04      [19]  426 	ld	b, 4 (ix)
   026E 05            [ 4]  427 	dec	b
   026F 21 28 00      [10]  428 	ld	hl,#0x28
   0272 11 28 00      [10]  429 	ld	de,#0x28
   0275 28 03         [12]  430 	jr	z,zers
   0277                     431 	muls:
   0277 19            [11]  432 	add	hl,de
   0278 10 FD         [13]  433 	djnz	muls
   027A                     434 	zers:
   027A ED 5Br00r00   [20]  435 	ld	de,(_gl_addr)
   027E 44            [ 4]  436 	ld	b,h
   027F 4D            [ 4]  437 	ld	c,l
   0280 19            [11]  438 	add	hl,de
   0281 ED 5Br00r00   [20]  439 	ld	de,(_gl_addr)
   0285 DD 7E 06      [19]  440 	ld	a,6 (ix)
   0288 DD 4E 05      [19]  441 	ld	c,5 (ix)
   028B 06 00         [ 7]  442 	ld	b,#0x0
   028D 09            [11]  443 	add	hl,bc
   028E EB            [ 4]  444 	ex	de,hl
   028F 09            [11]  445 	add	hl,bc
   0290 EB            [ 4]  446 	ex	de,hl
   0291 91            [ 4]  447 	sub	c
   0292 06 C9         [ 7]  448 	ld	b,#0xc9
   0294                     449 	movs:
   0294 C5            [11]  450 	push	bc
   0295 E5            [11]  451 	push	hl
   0296 D5            [11]  452 	push	de
   0297 06 00         [ 7]  453 	ld	b,#0x0
   0299 4F            [ 4]  454 	ld	c,a
   029A ED B0         [21]  455 	ldir
   029C E1            [10]  456 	pop	hl
   029D 01 28 00      [10]  457 	ld	bc,#0x28
   02A0 09            [11]  458 	add	hl, bc
   02A1 54            [ 4]  459 	ld	d,h
   02A2 5D            [ 4]  460 	ld	e,l
   02A3 E1            [10]  461 	pop	hl
   02A4 09            [11]  462 	add	hl, bc
   02A5 C1            [10]  463 	pop	bc
   02A6 10 EC         [13]  464 	djnz	movs
   02A8 2Ar00r00      [16]  465 	ld	hl,(_gl_addr)
   02AB 01 00 80      [10]  466 	ld	bc,#0x8000
   02AE ED 42         [15]  467 	sbc	hl,bc
   02B0 28 03         [12]  468 	jr	z,addrifs
   02B2 C3rBEr02      [10]  469 	jp	nxts
   02B5                     470 	addrifs:
   02B5 21 00 A0      [10]  471 	ld	hl,#0xa000
   02B8 22r00r00      [16]  472 	ld(_gl_addr),hl
   02BB C3r58r02      [10]  473 	jp	beg2s
   02BE                     474 	nxts:
   02BE 21 00 80      [10]  475 	ld	hl,#0x8000
   02C1 22r00r00      [16]  476 	ld(_gl_addr),hl
   02C4 3Ar02r00      [13]  477 	ld	a,(_gl_page)
   02C7 06 01         [ 7]  478 	ld	b,#0x1
   02C9 90            [ 4]  479 	sub	b
   02CA 28 03         [12]  480 	jr	z, frst_chngs
   02CC C3rD7r02      [10]  481 	jp	next_page_ifs
   02CF                     482 	frst_chngs:
   02CF 3E 05         [ 7]  483 	ld	a,#0x5
   02D1 32r02r00      [13]  484 	ld	(_gl_page),a
   02D4 C3r4Br02      [10]  485 	jp	begs
   02D7                     486 	next_page_ifs:
   02D7 3Ar02r00      [13]  487 	ld	a,(_gl_page)
   02DA 06 03         [ 7]  488 	ld	b,#0x3
   02DC 90            [ 4]  489 	sub	b
   02DD 28 03         [12]  490 	jr	z, sec_chngs
   02DF C3rEAr02      [10]  491 	jp	ends
   02E2                     492 	sec_chngs:
   02E2 3E 07         [ 7]  493 	ld	a,#0x7
   02E4 32r02r00      [13]  494 	ld	(_gl_page),a
   02E7 C3r4Br02      [10]  495 	jp	begs
   02EA                     496 	ends:
   02EA 01 F7 BF      [10]  497 	ld bc,#0xbff7
   02ED 3E 71         [ 7]  498 	ld	a,#0x71
   02EF ED 79         [12]  499 	out	(c),a
   02F1 DD E1         [14]  500 	pop	ix
   02F3 C9            [10]  501 	ret
                            502 ;main.c:617: }
                            503 ;main.c:619: void do_scrollup_looped(u8 shift) __naked
                            504 ;	---------------------------------
                            505 ; Function do_scrollup_looped
                            506 ; ---------------------------------
   02F4                     507 _do_scrollup_looped::
                            508 ;main.c:733: __endasm;
   02F4 DD E5         [15]  509 	push	ix
   02F6 DD 21 00 00   [14]  510 	ld	ix,#0
   02FA DD 39         [15]  511 	add	ix,sp
   02FC 01 FD 7F      [10]  512 	ld	bc,#0x7ffd
   02FF 3A 57 FF      [13]  513 	ld	a,(0x0000FF57)
   0302 CB 4F         [ 8]  514 	bit	1,a
   0304 28 05         [12]  515 	jr	z,secpagel
   0306                     516 	frstpagel:
   0306 3E 01         [ 7]  517 	ld	a,#0x1
   0308 C3r0Dr03      [10]  518 	jp	dopagel
   030B                     519 	secpagel:
   030B 3E 03         [ 7]  520 	ld	a,#0x3
   030D                     521 	dopagel:
   030D 32r02r00      [13]  522 	ld	(_gl_page),a
   0310                     523 	begl:
   0310 3Ar02r00      [13]  524 	ld	a,(_gl_page)
   0313 EE 7F         [ 7]  525 	xor	#0x7f
   0315 01 F7 BF      [10]  526 	ld	bc,#0xbff7
   0318 32 52 FF      [13]  527 	ld	(0x0000FF52),a
   031B ED 79         [12]  528 	out	(c),a
   031D                     529 	beg2l:
   031D 0E 00         [ 7]  530 	ld	c,#0x0
   031F DD 46 04      [19]  531 	ld	b, 4 (ix)
   0322 05            [ 4]  532 	dec	b
   0323 21 28 00      [10]  533 	ld	hl,#0x28
   0326 11 28 00      [10]  534 	ld	de,#0x28
   0329 28 03         [12]  535 	jr	z,zerl
   032B                     536 	mull:
   032B 19            [11]  537 	add	hl,de
   032C 10 FD         [13]  538 	djnz	mull
   032E                     539 	zerl:
   032E ED 5Br00r00   [20]  540 	ld	de,(_gl_addr)
   0332 44            [ 4]  541 	ld	b,h
   0333 4D            [ 4]  542 	ld	c,l
   0334 19            [11]  543 	add	hl,de
   0335 E5            [11]  544 	push	hl
   0336 2Ar00r00      [16]  545 	ld	hl,(_gl_addr)
   0339 11 40 1F      [10]  546 	ld	de,#0x1f40
   033C 19            [11]  547 	add	hl,de
   033D 54            [ 4]  548 	ld	d,h
   033E 5D            [ 4]  549 	ld	e,l
   033F 2Ar00r00      [16]  550 	ld	hl,(_gl_addr)
   0342 ED B0         [21]  551 	ldir
   0344 ED 5Br00r00   [20]  552 	ld	de,(_gl_addr)
   0348 21 40 1F      [10]  553 	ld	hl,#0x1f40
   034B ED 42         [15]  554 	sbc	hl,bc
   034D 44            [ 4]  555 	ld	b,h
   034E 4D            [ 4]  556 	ld	c,l
   034F E1            [10]  557 	pop	hl
   0350 ED B0         [21]  558 	ldir
   0352 2Ar00r00      [16]  559 	ld	hl,(_gl_addr)
   0355 01 00 80      [10]  560 	ld	bc,#0x8000
   0358 ED 42         [15]  561 	sbc	hl,bc
   035A 28 03         [12]  562 	jr	z,addrifl
   035C C3r68r03      [10]  563 	jp	nxtl
   035F                     564 	addrifl:
   035F 21 00 A0      [10]  565 	ld	hl,#0xa000
   0362 22r00r00      [16]  566 	ld(_gl_addr),hl
   0365 C3r1Dr03      [10]  567 	jp	beg2l
   0368                     568 	nxtl:
   0368 21 00 80      [10]  569 	ld	hl,#0x8000
   036B 22r00r00      [16]  570 	ld(_gl_addr),hl
   036E 3Ar02r00      [13]  571 	ld	a,(_gl_page)
   0371 06 01         [ 7]  572 	ld	b,#0x1
   0373 90            [ 4]  573 	sub	b
   0374 28 03         [12]  574 	jr	z, frst_chngl
   0376 C3r81r03      [10]  575 	jp	next_page_ifl
   0379                     576 	frst_chngl:
   0379 3E 05         [ 7]  577 	ld	a,#0x5
   037B 32r02r00      [13]  578 	ld	(_gl_page),a
   037E C3r10r03      [10]  579 	jp	begl
   0381                     580 	next_page_ifl:
   0381 3Ar02r00      [13]  581 	ld	a,(_gl_page)
   0384 06 03         [ 7]  582 	ld	b,#0x3
   0386 90            [ 4]  583 	sub	b
   0387 28 03         [12]  584 	jr	z, sec_chngl
   0389 C3r94r03      [10]  585 	jp	endl
   038C                     586 	sec_chngl:
   038C 3E 07         [ 7]  587 	ld	a,#0x7
   038E 32r02r00      [13]  588 	ld	(_gl_page),a
   0391 C3r10r03      [10]  589 	jp	begl
   0394                     590 	endl:
   0394 01 F7 BF      [10]  591 	ld bc,#0xbff7
   0397 3E 71         [ 7]  592 	ld	a,#0x71
   0399 ED 79         [12]  593 	out	(c),a
   039B DD E1         [14]  594 	pop	ix
   039D C9            [10]  595 	ret
                            596 ;main.c:734: }
                            597 ;main.c:736: void do_scrollup(u8 shift) __naked
                            598 ;	---------------------------------
                            599 ; Function do_scrollup
                            600 ; ---------------------------------
   039E                     601 _do_scrollup::
                            602 ;main.c:835: __endasm;
   039E DD E5         [15]  603 	push	ix
   03A0 DD 21 00 00   [14]  604 	ld	ix,#0
   03A4 DD 39         [15]  605 	add	ix,sp
   03A6 01 FD 7F      [10]  606 	ld	bc,#0x7ffd
   03A9 3A 57 FF      [13]  607 	ld	a,(0x0000FF57)
   03AC CB 4F         [ 8]  608 	bit	1,a
   03AE 28 05         [12]  609 	jr	z,secpage
   03B0                     610 	frstpage:
   03B0 3E 01         [ 7]  611 	ld	a,#0x1
   03B2 C3rB7r03      [10]  612 	jp	dopage
   03B5                     613 	secpage:
   03B5 3E 03         [ 7]  614 	ld	a,#0x3
   03B7                     615 	dopage:
   03B7 32r02r00      [13]  616 	ld	(_gl_page),a
   03BA                     617 	beg:
   03BA 3Ar02r00      [13]  618 	ld	a,(_gl_page)
   03BD EE 7F         [ 7]  619 	xor	#0x7f
   03BF 01 F7 BF      [10]  620 	ld	bc,#0xbff7
   03C2 32 52 FF      [13]  621 	ld	(0x0000FF52),a
   03C5 ED 79         [12]  622 	out	(c),a
   03C7                     623 	beg2:
   03C7 0E 00         [ 7]  624 	ld	c,#0x0
   03C9 DD 46 04      [19]  625 	ld	b, 4 (ix)
   03CC 05            [ 4]  626 	dec	b
   03CD 21 28 00      [10]  627 	ld	hl,#0x28
   03D0 11 28 00      [10]  628 	ld	de,#0x28
   03D3 28 03         [12]  629 	jr	z,zer
   03D5                     630 	mul:
   03D5 19            [11]  631 	add	hl,de
   03D6 10 FD         [13]  632 	djnz	mul
   03D8                     633 	zer:
   03D8 ED 5Br00r00   [20]  634 	ld	de,(_gl_addr)
   03DC 44            [ 4]  635 	ld	b,h
   03DD 4D            [ 4]  636 	ld	c,l
   03DE 19            [11]  637 	add	hl,de
   03DF E5            [11]  638 	push	hl
   03E0 ED 5Br00r00   [20]  639 	ld	de,(_gl_addr)
   03E4 21 40 1F      [10]  640 	ld	hl,#0x1f40
   03E7 ED 42         [15]  641 	sbc	hl,bc
   03E9 44            [ 4]  642 	ld	b,h
   03EA 4D            [ 4]  643 	ld	c,l
   03EB E1            [10]  644 	pop	hl
   03EC ED B0         [21]  645 	ldir
   03EE 2Ar00r00      [16]  646 	ld	hl,(_gl_addr)
   03F1 01 00 80      [10]  647 	ld	bc,#0x8000
   03F4 ED 42         [15]  648 	sbc	hl,bc
   03F6 28 03         [12]  649 	jr	z,addrif
   03F8 C3r04r04      [10]  650 	jp	nxt
   03FB                     651 	addrif:
   03FB 21 00 A0      [10]  652 	ld	hl,#0xa000
   03FE 22r00r00      [16]  653 	ld(_gl_addr),hl
   0401 C3rC7r03      [10]  654 	jp	beg2
   0404                     655 	nxt:
   0404 21 00 80      [10]  656 	ld	hl,#0x8000
   0407 22r00r00      [16]  657 	ld(_gl_addr),hl
   040A 3Ar02r00      [13]  658 	ld	a,(_gl_page)
   040D 06 01         [ 7]  659 	ld	b,#0x1
   040F 90            [ 4]  660 	sub	b
   0410 28 03         [12]  661 	jr	z, frst_chng
   0412 C3r1Dr04      [10]  662 	jp	next_page_if
   0415                     663 	frst_chng:
   0415 3E 05         [ 7]  664 	ld	a,#0x5
   0417 32r02r00      [13]  665 	ld	(_gl_page),a
   041A C3rBAr03      [10]  666 	jp	beg
   041D                     667 	next_page_if:
   041D 3Ar02r00      [13]  668 	ld	a,(_gl_page)
   0420 06 03         [ 7]  669 	ld	b,#0x3
   0422 90            [ 4]  670 	sub	b
   0423 28 03         [12]  671 	jr	z, sec_chng
   0425 C3r30r04      [10]  672 	jp	end
   0428                     673 	sec_chng:
   0428 3E 07         [ 7]  674 	ld	a,#0x7
   042A 32r02r00      [13]  675 	ld	(_gl_page),a
   042D C3rBAr03      [10]  676 	jp	beg
   0430                     677 	end:
   0430 01 F7 BF      [10]  678 	ld bc,#0xbff7
   0433 3E 71         [ 7]  679 	ld	a,#0x71
   0435 ED 79         [12]  680 	out	(c),a
   0437 DD E1         [14]  681 	pop	ix
   0439 C9            [10]  682 	ret
                            683 ;main.c:836: }
                            684 ;main.c:838: void setTileUpdateMap(u8 x,u8 y) __naked
                            685 ;	---------------------------------
                            686 ; Function setTileUpdateMap
                            687 ; ---------------------------------
   043A                     688 _setTileUpdateMap::
                            689 ;main.c:867: __endasm;
   043A DD E5         [15]  690 	push	ix
   043C DD 21 00 00   [14]  691 	ld	ix,#0
   0440 DD 39         [15]  692 	add	ix,sp
   0442 3E 01         [ 7]  693 	ld	a,#0x1
   0444 DD 4E 04      [19]  694 	ld	c,4 (ix)
   0447 DD 46 05      [19]  695 	ld	b,5 (ix)
   044A CD 44 E6      [17]  696 	call	(#0xe644)
   044D 04            [ 4]  697 	inc	b
   044E CD 44 E6      [17]  698 	call	(#0xe644)
   0451 04            [ 4]  699 	inc	b
   0452 CD 44 E6      [17]  700 	call	(#0xe644)
   0455 0C            [ 4]  701 	inc	c
   0456 CD 44 E6      [17]  702 	call	(#0xe644)
   0459 0C            [ 4]  703 	inc	c
   045A CD 44 E6      [17]  704 	call	(#0xe644)
   045D 05            [ 4]  705 	dec	b
   045E CD 44 E6      [17]  706 	call	(#0xe644)
   0461 05            [ 4]  707 	dec	b
   0462 CD 44 E6      [17]  708 	call	(#0xe644)
   0465 0D            [ 4]  709 	dec	c
   0466 CD 44 E6      [17]  710 	call	(#0xe644)
   0469 04            [ 4]  711 	inc	b
   046A CD 44 E6      [17]  712 	call	(#0xe644)
   046D DD E1         [14]  713 	pop	ix
   046F C9            [10]  714 	ret
                            715 ;main.c:868: }
                            716 ;main.c:869: void main(void)
                            717 ;	---------------------------------
                            718 ; Function main
                            719 ; ---------------------------------
   0470                     720 _main::
   0470 CDr00r00      [17]  721 	call	___sdcc_enter_ix
   0473 F5            [11]  722 	push	af
   0474 F5            [11]  723 	push	af
   0475 F5            [11]  724 	push	af
   0476 F5            [11]  725 	push	af
                            726 ;main.c:875: gl_addr=32768;
   0477 21 00 80      [10]  727 	ld	hl, #0x8000
   047A 22r00r00      [16]  728 	ld	(_gl_addr), hl
                            729 ;main.c:879: select_image(IMG_BG);
   047D AF            [ 4]  730 	xor	a, a
   047E F5            [11]  731 	push	af
   047F 33            [ 6]  732 	inc	sp
   0480 CDr00r00      [17]  733 	call	_select_image
   0483 33            [ 6]  734 	inc	sp
                            735 ;main.c:880: draw_tile(1,1,0);
   0484 21 00 00      [10]  736 	ld	hl, #0x0000
   0487 E5            [11]  737 	push	hl
   0488 11 01 01      [10]  738 	ld	de, #0x0101
   048B D5            [11]  739 	push	de
   048C CDr00r00      [17]  740 	call	_draw_tile
   048F F1            [10]  741 	pop	af
   0490 F1            [10]  742 	pop	af
                            743 ;main.c:881: sprites_start();
   0491 CDr00r00      [17]  744 	call	_sprites_start
                            745 ;main.c:882: pal_select(PAL_BG);
   0494 AF            [ 4]  746 	xor	a, a
   0495 F5            [11]  747 	push	af
   0496 33            [ 6]  748 	inc	sp
   0497 CDr00r00      [17]  749 	call	_pal_select
   049A 33            [ 6]  750 	inc	sp
                            751 ;main.c:883: draw_image(0,0,IMG_BG);
   049B AF            [ 4]  752 	xor	a, a
   049C F5            [11]  753 	push	af
   049D 33            [ 6]  754 	inc	sp
   049E AF            [ 4]  755 	xor	a, a
   049F F5            [11]  756 	push	af
   04A0 33            [ 6]  757 	inc	sp
   04A1 AF            [ 4]  758 	xor	a, a
   04A2 F5            [11]  759 	push	af
   04A3 33            [ 6]  760 	inc	sp
   04A4 CDr00r00      [17]  761 	call	_draw_image
   04A7 F1            [10]  762 	pop	af
   04A8 33            [ 6]  763 	inc	sp
                            764 ;main.c:885: do_scrolldown_sector(2,10,15);
   04A9 11 0A 0F      [10]  765 	ld	de, #0x0f0a
   04AC D5            [11]  766 	push	de
   04AD 3E 02         [ 7]  767 	ld	a, #0x02
   04AF F5            [11]  768 	push	af
   04B0 33            [ 6]  769 	inc	sp
   04B1 CDr00r00      [17]  770 	call	_do_scrolldown_sector
   04B4 F1            [10]  771 	pop	af
   04B5 33            [ 6]  772 	inc	sp
                            773 ;main.c:886: do_scrolldown_sector(2,17,18);
   04B6 11 11 12      [10]  774 	ld	de, #0x1211
   04B9 D5            [11]  775 	push	de
   04BA 3E 02         [ 7]  776 	ld	a, #0x02
   04BC F5            [11]  777 	push	af
   04BD 33            [ 6]  778 	inc	sp
   04BE CDr00r00      [17]  779 	call	_do_scrolldown_sector
   04C1 F1            [10]  780 	pop	af
   04C2 33            [ 6]  781 	inc	sp
                            782 ;main.c:887: do_scrolldown_sector(2,26,30);
   04C3 11 1A 1E      [10]  783 	ld	de, #0x1e1a
   04C6 D5            [11]  784 	push	de
   04C7 3E 02         [ 7]  785 	ld	a, #0x02
   04C9 F5            [11]  786 	push	af
   04CA 33            [ 6]  787 	inc	sp
   04CB CDr00r00      [17]  788 	call	_do_scrolldown_sector
   04CE F1            [10]  789 	pop	af
   04CF 33            [ 6]  790 	inc	sp
                            791 ;main.c:889: swap_screen();
   04D0 CDr00r00      [17]  792 	call	_swap_screen
                            793 ;main.c:890: draw_image(0,0,IMG_BG);
   04D3 AF            [ 4]  794 	xor	a, a
   04D4 F5            [11]  795 	push	af
   04D5 33            [ 6]  796 	inc	sp
   04D6 AF            [ 4]  797 	xor	a, a
   04D7 F5            [11]  798 	push	af
   04D8 33            [ 6]  799 	inc	sp
   04D9 AF            [ 4]  800 	xor	a, a
   04DA F5            [11]  801 	push	af
   04DB 33            [ 6]  802 	inc	sp
   04DC CDr00r00      [17]  803 	call	_draw_image
   04DF F1            [10]  804 	pop	af
   04E0 33            [ 6]  805 	inc	sp
                            806 ;main.c:895: step=0;
   04E1 DD 36 FC 00   [19]  807 	ld	-4 (ix), #0x00
                            808 ;main.c:896: x2=128;
   04E5 DD 36 F8 80   [19]  809 	ld	-8 (ix), #0x80
                            810 ;main.c:897: y2=24;
   04E9 DD 36 F9 18   [19]  811 	ld	-7 (ix), #0x18
                            812 ;main.c:898: x=64;
   04ED DD 36 FA 40   [19]  813 	ld	-6 (ix), #0x40
                            814 ;main.c:899: y=80;
   04F1 DD 36 FB 50   [19]  815 	ld	-5 (ix), #0x50
                            816 ;main.c:900: dx=2;
   04F5 DD 36 FD 02   [19]  817 	ld	-3 (ix), #0x02
                            818 ;main.c:901: dy=4;
   04F9 DD 36 FE 04   [19]  819 	ld	-2 (ix), #0x04
                            820 ;main.c:902: dx2=-2;
   04FD DD 36 FF FE   [19]  821 	ld	-1 (ix), #0xfe
                            822 ;main.c:903: dy2=-4;
   0501 0E FC         [ 7]  823 	ld	c, #0xfc
                            824 ;main.c:907: while(1)
   0503                     825 00122$:
                            826 ;main.c:912: x+=dx;
   0503 DD 7E FA      [19]  827 	ld	a, -6 (ix)
   0506 DD 86 FD      [19]  828 	add	a, -3 (ix)
   0509 DD 77 FA      [19]  829 	ld	-6 (ix), a
                            830 ;main.c:913: y+=dy;
   050C DD 7E FB      [19]  831 	ld	a, -5 (ix)
   050F DD 86 FE      [19]  832 	add	a, -2 (ix)
   0512 DD 77 FB      [19]  833 	ld	-5 (ix), a
                            834 ;main.c:914: x2+=dx2;
   0515 DD 7E F8      [19]  835 	ld	a, -8 (ix)
   0518 DD 86 FF      [19]  836 	add	a, -1 (ix)
   051B DD 77 F8      [19]  837 	ld	-8 (ix), a
                            838 ;main.c:915: y2+=dy2;
   051E DD 7E F9      [19]  839 	ld	a, -7 (ix)
   0521 81            [ 4]  840 	add	a, c
   0522 DD 77 F9      [19]  841 	ld	-7 (ix), a
                            842 ;main.c:916: if(x>=140)dx=-dx;
   0525 DD 7E FA      [19]  843 	ld	a, -6 (ix)
   0528 D6 8C         [ 7]  844 	sub	a, #0x8c
   052A 38 07         [12]  845 	jr	C,00102$
   052C AF            [ 4]  846 	xor	a, a
   052D DD 96 FD      [19]  847 	sub	a, -3 (ix)
   0530 DD 77 FD      [19]  848 	ld	-3 (ix), a
   0533                     849 00102$:
                            850 ;main.c:917: if(x<2)dx=-dx;
   0533 DD 7E FA      [19]  851 	ld	a, -6 (ix)
   0536 D6 02         [ 7]  852 	sub	a, #0x02
   0538 30 07         [12]  853 	jr	NC,00104$
   053A AF            [ 4]  854 	xor	a, a
   053B DD 96 FD      [19]  855 	sub	a, -3 (ix)
   053E DD 77 FD      [19]  856 	ld	-3 (ix), a
   0541                     857 00104$:
                            858 ;main.c:918: if(y>182)dy=-dy;
   0541 3E B6         [ 7]  859 	ld	a, #0xb6
   0543 DD 96 FB      [19]  860 	sub	a, -5 (ix)
   0546 30 07         [12]  861 	jr	NC,00106$
   0548 AF            [ 4]  862 	xor	a, a
   0549 DD 96 FE      [19]  863 	sub	a, -2 (ix)
   054C DD 77 FE      [19]  864 	ld	-2 (ix), a
   054F                     865 00106$:
                            866 ;main.c:919: if(y<2)dy=-dy;
   054F DD 7E FB      [19]  867 	ld	a, -5 (ix)
   0552 D6 02         [ 7]  868 	sub	a, #0x02
   0554 30 07         [12]  869 	jr	NC,00108$
   0556 AF            [ 4]  870 	xor	a, a
   0557 DD 96 FE      [19]  871 	sub	a, -2 (ix)
   055A DD 77 FE      [19]  872 	ld	-2 (ix), a
   055D                     873 00108$:
                            874 ;main.c:921: if(x2>=140)dx2=-dx2;
   055D DD 7E F8      [19]  875 	ld	a, -8 (ix)
   0560 D6 8C         [ 7]  876 	sub	a, #0x8c
   0562 38 07         [12]  877 	jr	C,00110$
   0564 AF            [ 4]  878 	xor	a, a
   0565 DD 96 FF      [19]  879 	sub	a, -1 (ix)
   0568 DD 77 FF      [19]  880 	ld	-1 (ix), a
   056B                     881 00110$:
                            882 ;main.c:922: if(x2<2)dx2=-dx2;
   056B DD 7E F8      [19]  883 	ld	a, -8 (ix)
   056E D6 02         [ 7]  884 	sub	a, #0x02
   0570 30 07         [12]  885 	jr	NC,00112$
   0572 AF            [ 4]  886 	xor	a, a
   0573 DD 96 FF      [19]  887 	sub	a, -1 (ix)
   0576 DD 77 FF      [19]  888 	ld	-1 (ix), a
   0579                     889 00112$:
                            890 ;main.c:923: if(y2>182)dy2=-dy2;
   0579 3E B6         [ 7]  891 	ld	a, #0xb6
   057B DD 96 F9      [19]  892 	sub	a, -7 (ix)
   057E 30 03         [12]  893 	jr	NC,00114$
   0580 AF            [ 4]  894 	xor	a, a
   0581 91            [ 4]  895 	sub	a, c
   0582 4F            [ 4]  896 	ld	c, a
   0583                     897 00114$:
                            898 ;main.c:924: if(y2<2)dy2=-dy2;
   0583 DD 7E F9      [19]  899 	ld	a, -7 (ix)
   0586 D6 02         [ 7]  900 	sub	a, #0x02
   0588 30 03         [12]  901 	jr	NC,00116$
   058A AF            [ 4]  902 	xor	a, a
   058B 91            [ 4]  903 	sub	a, c
   058C 4F            [ 4]  904 	ld	c, a
   058D                     905 00116$:
                            906 ;main.c:925: set_sprite(0,x,y,0);
   058D C5            [11]  907 	push	bc
   058E 21 00 00      [10]  908 	ld	hl, #0x0000
   0591 E5            [11]  909 	push	hl
   0592 DD 66 FB      [19]  910 	ld	h, -5 (ix)
   0595 DD 6E FA      [19]  911 	ld	l, -6 (ix)
   0598 E5            [11]  912 	push	hl
   0599 AF            [ 4]  913 	xor	a, a
   059A F5            [11]  914 	push	af
   059B 33            [ 6]  915 	inc	sp
   059C CDr00r00      [17]  916 	call	_set_sprite
   059F F1            [10]  917 	pop	af
   05A0 33            [ 6]  918 	inc	sp
   05A1 21 00 00      [10]  919 	ld	hl,#0x0000
   05A4 E3            [19]  920 	ex	(sp),hl
   05A5 DD 7E F9      [19]  921 	ld	a, -7 (ix)
   05A8 F5            [11]  922 	push	af
   05A9 33            [ 6]  923 	inc	sp
   05AA DD 56 F8      [19]  924 	ld	d, -8 (ix)
   05AD 1E 01         [ 7]  925 	ld	e,#0x01
   05AF D5            [11]  926 	push	de
   05B0 CDr00r00      [17]  927 	call	_set_sprite
   05B3 F1            [10]  928 	pop	af
   05B4 F1            [10]  929 	pop	af
   05B5 33            [ 6]  930 	inc	sp
   05B6 C1            [10]  931 	pop	bc
                            932 ;main.c:928: if(step==0)//нужно для того, чтобы спрайты не портили скролирующийся фон под собой
   05B7 DD 7E FC      [19]  933 	ld	a, -4 (ix)
   05BA B7            [ 4]  934 	or	a, a
   05BB 20 32         [12]  935 	jr	NZ,00118$
                            936 ;main.c:930: xx=x>>2;
   05BD DD 46 FA      [19]  937 	ld	b, -6 (ix)
   05C0 CB 38         [ 8]  938 	srl	b
   05C2 CB 38         [ 8]  939 	srl	b
                            940 ;main.c:931: yy=y>>3;
   05C4 DD 7E FB      [19]  941 	ld	a, -5 (ix)
   05C7 0F            [ 4]  942 	rrca
   05C8 0F            [ 4]  943 	rrca
   05C9 0F            [ 4]  944 	rrca
   05CA E6 1F         [ 7]  945 	and	a, #0x1f
                            946 ;main.c:932: setTileUpdateMap(xx,yy);
   05CC C5            [11]  947 	push	bc
   05CD F5            [11]  948 	push	af
   05CE 33            [ 6]  949 	inc	sp
   05CF C5            [11]  950 	push	bc
   05D0 33            [ 6]  951 	inc	sp
   05D1 CDr3Ar04      [17]  952 	call	_setTileUpdateMap
   05D4 F1            [10]  953 	pop	af
   05D5 C1            [10]  954 	pop	bc
                            955 ;main.c:933: xx=x2>>2;
   05D6 DD 46 F8      [19]  956 	ld	b, -8 (ix)
   05D9 CB 38         [ 8]  957 	srl	b
   05DB CB 38         [ 8]  958 	srl	b
                            959 ;main.c:934: yy=y2>>3;
   05DD DD 7E F9      [19]  960 	ld	a, -7 (ix)
   05E0 0F            [ 4]  961 	rrca
   05E1 0F            [ 4]  962 	rrca
   05E2 0F            [ 4]  963 	rrca
   05E3 E6 1F         [ 7]  964 	and	a, #0x1f
                            965 ;main.c:935: setTileUpdateMap(xx,yy);
   05E5 C5            [11]  966 	push	bc
   05E6 F5            [11]  967 	push	af
   05E7 33            [ 6]  968 	inc	sp
   05E8 C5            [11]  969 	push	bc
   05E9 33            [ 6]  970 	inc	sp
   05EA CDr3Ar04      [17]  971 	call	_setTileUpdateMap
   05ED F1            [10]  972 	pop	af
   05EE C1            [10]  973 	pop	bc
   05EF                     974 00118$:
                            975 ;main.c:938: step++;
   05EF DD 34 FC      [23]  976 	inc	-4 (ix)
                            977 ;main.c:939: if(step==2)step=0;
   05F2 DD 7E FC      [19]  978 	ld	a, -4 (ix)
   05F5 D6 02         [ 7]  979 	sub	a, #0x02
   05F7 20 04         [12]  980 	jr	NZ,00120$
   05F9 DD 36 FC 00   [19]  981 	ld	-4 (ix), #0x00
   05FD                     982 00120$:
                            983 ;main.c:944: do_scrolldown_looped(4);
   05FD C5            [11]  984 	push	bc
   05FE 3E 04         [ 7]  985 	ld	a, #0x04
   0600 F5            [11]  986 	push	af
   0601 33            [ 6]  987 	inc	sp
   0602 CDrE8r00      [17]  988 	call	_do_scrolldown_looped
   0605 33            [ 6]  989 	inc	sp
   0606 CDr00r00      [17]  990 	call	_swap_screen
   0609 C1            [10]  991 	pop	bc
                            992 ;main.c:949: }
   060A C3r03r05      [10]  993 	jp	00122$
                            994 	.area _CODE
                            995 	.area _INITIALIZER
                            996 	.area _CABS (ABS)
