*******************************************************************************
*                                                                             *
*                 ARM C CROSS COMPILER Version 1.03.130923                    *
*                      Copyright (C) 2009 Phyton, Inc.                        *
*                                                                             *
*******************************************************************************

                ClkConfig??T:
;FILE: Eth_Config.c
;000009    void ClkConfig()
;000012            RST_CLK->PER_CLOCK |= (1 << 27);                                //BKP Clock enable
00000000    4817                       	LDR             R0,?lr0000	; 40020000h
00000002    69C1                       	LDR             R1,[R0,#28]
00000004    4A17                       	LDR             R2,?lr0001	; 8000000h
00000006    4311                       	ORRS            R1,R2
00000008    61C1                       	STR             R1,[R0,#28]
;000013            temp = BKP->REG_0E;
0000000A    4A17                       	LDR             R2,?lr0002	; 400D8038h
0000000C    6811                       	LDR             temp?ClkConfig,[R2,#0]
;000014            temp &= 0xFFFFFFC0;
0000000E    0989                       	LSRS            temp?ClkConfig,temp?ClkConfig,#6
00000010    0189                       	LSLS            temp?ClkConfig,temp?ClkConfig,#6
;000015            BKP->REG_0E = temp | (7 << 3) | 7;                              // SelectRI = 0x7, LOW = 0x7; (for core frequency more then 80 MHz);
00000012    233F                       	MOVS            R3,#63
00000014    4319                       	ORRS            temp?ClkConfig,R3
00000016    6011                       	STR             temp?ClkConfig,[R2,#0]
;000019            RST_CLK->HS_CONTROL=0x00000005;                                 //HSE On, Oscillator mode; HSE2 On, Oscillator mode
00000018    2105                       	MOVS            R1,#5
0000001A    6081                       	STR             R1,[R0,#8]
;000024            while((RST_CLK->CLOCK_STATUS&0x0C)!=0x0C);              //Wait until HSE and HSE2 not ready
                     ??_1_DO:
0000001C    6802                       	LDR             R2,[R0,#0]
0000001E    210C                       	MOVS            R1,#12
00000020    4391                       	BICS            R1,R2
00000022    D1FB                       	BNE             ??_1_DO
;000025            RST_CLK->CPU_CLOCK=0x00000002;                                  //HSE=8 MHz
00000024    2102                       	MOVS            R1,#2
00000026    60C1                       	STR             R1,[R0,#12]
;000026            RST_CLK->PLL_CONTROL=(15/*11*/<<8)|(1<<2);                    //PLL CPU On, PLL_MULL=15. PLLCPUo = PLLCPUi x (PLLCPUMUL+1), т.е. x16
00000028    4910                       	LDR             R1,?lr0003	; 0F04h
0000002A    6041                       	STR             R1,[R0,#4]
;000027            while((RST_CLK->CLOCK_STATUS&0x02)!=0x02);              //wait until PLL CPU not ready
                     ??_2_DO:
0000002C    6801                       	LDR             R1,[R0,#0]
0000002E    07C9                       	LSLS            R1,R1,#31
00000030    D3FC                       	BCC             ??_2_DO
;000028            RST_CLK->PER_CLOCK|=0x08;                                               //EEPROM_CNTRL Clock enable
00000032    69C1                       	LDR             R1,[R0,#28]
00000034    2208                       	MOVS            R2,#8
00000036    4311                       	ORRS            R1,R2
00000038    61C1                       	STR             R1,[R0,#28]
;000029            EEPROM->CMD=3<<3;                                                               //Delay=4
0000003A    2218                       	MOVS            R2,#24
0000003C    490C                       	LDR             R1,?lr0004	; 40018000h
0000003E    600A                       	STR             R2,[R1,#0]
;000030            RST_CLK->PER_CLOCK&=(~0x08);                                    //EEPROM_CNTRL Clock enable
00000040    69C1                       	LDR             R1,[R0,#28]
00000042    2208                       	MOVS            R2,#8
00000044    43D2                       	MVNS            R2,R2
00000046    4011                       	ANDS            R1,R2
00000048    61C1                       	STR             R1,[R0,#28]
;000031            RST_CLK->CPU_CLOCK|=0x00000106; //HCLK=CPU_C3=CPU_C2, CPU_C2=PLLCPUo, CPU_C1=HSE //CPU Clock = 16*8MHz = 128 MHz
0000004A    68C1                       	LDR             R1,[R0,#12]
0000004C    4A09                       	LDR             R2,?lr0005	; 106h
0000004E    4311                       	ORRS            R1,R2
00000050    60C1                       	STR             R1,[R0,#12]
;000032            RST_CLK->ETH_CLOCK=(1<<24)|(3<<28)|(1<<27);             //PHY_CLK_SEL = HSE2, ETH_CLK_EN=1, PHY_CLK_EN=1, ETH_CLK = 25MHz
00000052    4909                       	LDR             R1,?lr0006	; 39000000h
00000054    6341                       	STR             R1,[R0,#52]
;000045            RST_CLK->PER_CLOCK|=(1<<24)|(1<<22);                    //Enable clock for PORTD and PORTB
00000056    69C1                       	LDR             R1,[R0,#28]
00000058    4A08                       	LDR             R2,?lr0007	; 1400000h
0000005A    4311                       	ORRS            R1,R2
0000005C    61C1                       	STR             R1,[R0,#28]
;000059    }
0000005E    4770                       	BX              R14

00000060    40020000	?lr0000	.DCD	40020000h	; used 1 time(s)
00000064    08000000	?lr0001	.DCD	8000000h	; used 1 time(s)
00000068    400D8038	?lr0002	.DCD	400D8038h	; used 1 time(s)
0000006C    00000F04	?lr0003	.DCD	0F04h	; used 1 time(s)
00000070    40018000	?lr0004	.DCD	40018000h	; used 1 time(s)
00000074    00000106	?lr0005	.DCD	106h	; used 1 time(s)
00000078    39000000	?lr0006	.DCD	39000000h	; used 1 time(s)
0000007C    01400000	?lr0007	.DCD	1400000h	; used 1 time(s)

.ENDF
               PortConfig??T:
;000106    void PortConfig()
00000080    B530                       	PUSH            {R4,R5,R14} 
;000120            RST_CLK->PER_CLOCK|=(0x1F<<21)|(1<<29); //Enable clock of PORTA, PORTB, PORTC, PORTD, PORTE, PORTF
00000082    4A25                       	LDR             R2,?lr0008	; 4002001Ch
00000084    6810                       	LDR             R0,[R2,#0]
00000086    4925                       	LDR             R1,?lr0009	; 23E00000h
00000088    4308                       	ORRS            R0,R1
0000008A    6010                       	STR             R0,[R2,#0]
;000123            PORTA->FUNC=0x55555555;                 //PORTA - DATA bus
0000008C    4C24                       	LDR             R4,?lr0010	; 55555555h
0000008E    4825                       	LDR             R0,?lr0011	; 400A8008h
00000090    6004                       	STR             R4,[R0,#0]
;000124            PORTA->ANALOG=0xFFFF;                   //PORTA - digital
00000092    4B25                       	LDR             R3,?lr0012	; 0FFFFh
00000094    6043                       	STR             R3,[R0,#4]
;000125            PORTA->PWR=0xFFFFFFFF;                  //PORTA - fast speed
00000096    2100                       	MOVS            R1,#0
00000098    43C9                       	MVNS            R1,R1
0000009A    6101                       	STR             R1,[R0,#16]
;000127            PORTB->FUNC=0x55555555;                 //PORTB - DATA bus
0000009C    4823                       	LDR             R0,?lr0013	; 400B0008h
0000009E    6004                       	STR             R4,[R0,#0]
;000128            PORTB->ANALOG=0xFFFF;                   //PORTB - digital
000000A0    6043                       	STR             R3,[R0,#4]
;000129            PORTB->PWR=0xFFFFFFFF;                  //PORTB - fast speed
000000A2    6101                       	STR             R1,[R0,#16]
;000132            PORTC->FUNC=0x02A80005;                 //PORTC[12..9] - BE3, BE2, BE1, BE0 (инверсные???); PORTC[1..0] - ~RD(~OE), ~WR(~WE)
000000A4    4922                       	LDR             R1,?lr0014	; 2A80005h
000000A6    4823                       	LDR             R0,?lr0015	; 400B8008h
000000A8    6001                       	STR             R1,[R0,#0]
;000133            PORTC->ANALOG=0x1E03;                   //PORTC[12..9], PORTC[1..0] - digital
000000AA    4923                       	LDR             R1,?lr0016	; 1E03h
000000AC    6041                       	STR             R1,[R0,#4]
;000134            PORTC->PWR=0x03FC000F;                  //PORTC - fast speed
000000AE    4923                       	LDR             R1,?lr0017	; 3FC000Fh
000000B0    6101                       	STR             R1,[R0,#16]
;000137            PORTF->FUNC=0xAAAAA800;                 //PORTF[15..5] - ADDRESS bus
000000B2    4923                       	LDR             R1,?lr0018	; 0AAAAA800h
000000B4    4823                       	LDR             R0,?lr0019	; 400E8008h
000000B6    6001                       	STR             R1,[R0,#0]
;000138            PORTF->ANALOG=0xFFE0;                   //PORTF[15..5] - digital
000000B8    4923                       	LDR             R1,?lr0020	; 0FFE0h
000000BA    6041                       	STR             R1,[R0,#4]
;000139            PORTF->PWR=0xFFFFFC00;                  //PORTF - fast speed
000000BC    4923                       	LDR             R1,?lr0021	; 0FFFFFC00h
000000BE    6101                       	STR             R1,[R0,#16]
;000141            PORTD->FUNC=0x80000000;                 //PORTD_15 - ADDRESS[13]
000000C0    4923                       	LDR             R1,?lr0022	; 80000000h
000000C2    4824                       	LDR             R0,?lr0023	; 400C0000h
000000C4    6081                       	STR             R1,[R0,#8]
;000142            PORTD->ANALOG=0x8000;                   //PORTD_15 - digital
000000C6    4924                       	LDR             R1,?lr0024	; 8000h
000000C8    60C1                       	STR             R1,[R0,#12]
;000143            PORTD->PWR=0xC0000000;                  //PORTD - fast speed
000000CA    4924                       	LDR             R1,?lr0025	; 0C0000000h
000000CC    6181                       	STR             R1,[R0,#24]
;000145            PORTE->FUNC=0x00000AAA;                 //PORTE[5..0] - ADDRESS[19..14], PORTE_7 - ADDRESS[21] (или /CS1???),
000000CE    4C24                       	LDR             R4,?lr0026	; 0AAAh
000000D0    4924                       	LDR             R1,?lr0027	; 400C8000h
000000D2    608C                       	STR             R4,[R1,#8]
;000146            PORTE->RXTX=0x0040;                             //PORTE_6=1 (~CS1=1) (или CS0???)
000000D4    2440                       	MOVS            R4,#64
000000D6    600C                       	STR             R4,[R1,#0]
;000147            PORTE->OE=0x00C0;                               //PORTE_6 - Output (и PORTE_7???)
000000D8    25C0                       	MOVS            R5,#0C0h
000000DA    604D                       	STR             R5,[R1,#4]
;000148            PORTE->ANALOG=0x00FF;                   //PORTE[7..0] - digital
000000DC    25FF                       	MOVS            R5,#0FFh
000000DE    60CD                       	STR             R5,[R1,#12]
;000149            PORTE->PWR=0x0000FFFF;                  //PORTE - fast speed
000000E0    618B                       	STR             R3,[R1,#24]
;000151            PORTE->CLRTX=0x40;
000000E2    624C                       	STR             R4,[R1,#36]
;000152            PORTE->SETTX=0x80;
000000E4    2380                       	MOVS            R3,#80h
000000E6    620B                       	STR             R3,[R1,#32]
;000155            PORTD->RXTX=0;
000000E8    2100                       	MOVS            R1,#0
000000EA    6001                       	STR             R1,[R0,#0]
;000156            PORTD->OE|=0x7F80;
000000EC    6841                       	LDR             R1,[R0,#4]
000000EE    4B1E                       	LDR             R3,?lr0028	; 7F80h
000000F0    4319                       	ORRS            R1,R3
000000F2    6041                       	STR             R1,[R0,#4]
;000157            PORTD->ANALOG|=0x7F80;                  //PORTD[14..7] - digital
000000F4    68C1                       	LDR             R1,[R0,#12]
000000F6    4319                       	ORRS            R1,R3
000000F8    60C1                       	STR             R1,[R0,#12]
;000158            PORTD->PWR|=0x3FFFC000;                 //PORTD - fast speed
000000FA    6981                       	LDR             R1,[R0,#24]
000000FC    4B1B                       	LDR             R3,?lr0029	; 3FFFC000h
000000FE    4319                       	ORRS            R1,R3
00000100    6181                       	STR             R1,[R0,#24]
;000161            RST_CLK->PER_CLOCK|=1<<30;              //Enable clock of External Bus
00000102    6810                       	LDR             R0,[R2,#0]
00000104    491A                       	LDR             R1,?lr0030	; 40000000h
00000106    4308                       	ORRS            R0,R1
00000108    6010                       	STR             R0,[R2,#0]
;000162            EXT_BUS_CNTRL->EXT_BUS_CONTROL=(0x0002)|(/*15*/8<<12);        //RAM enable, speed 8
0000010A    491A                       	LDR             R1,?lr0031	; 8002h
0000010C    481A                       	LDR             R0,?lr0032	; 400F0054h
0000010E    6001                       	STR             R1,[R0,#0]
;000172            EXT_BUS_CNTRL->RAM_CYCLES3 = (0<<11)+(2<<8)+(4<<1)+1; //WS_HOLD=0, WS_SETUP=2, WS_ACTIVE=4, ENABLE_TUNE=1
00000110    491A                       	LDR             R1,?lr0033	; 209h
00000112    60C1                       	STR             R1,[R0,#12]
;000174    }
00000114    BD30                       	POP             {R4,R5,R15} 

.ALIGN	2
00000118    4002001C	?lr0008	.DCD	4002001Ch	; used 1 time(s)
0000011C    23E00000	?lr0009	.DCD	23E00000h	; used 1 time(s)
00000120    55555555	?lr0010	.DCD	55555555h	; used 1 time(s)
00000124    400A8008	?lr0011	.DCD	400A8008h	; used 1 time(s)
00000128    0000FFFF	?lr0012	.DCD	0FFFFh	; used 1 time(s)
0000012C    400B0008	?lr0013	.DCD	400B0008h	; used 1 time(s)
00000130    02A80005	?lr0014	.DCD	2A80005h	; used 1 time(s)
00000134    400B8008	?lr0015	.DCD	400B8008h	; used 1 time(s)
00000138    00001E03	?lr0016	.DCD	1E03h	; used 1 time(s)
0000013C    03FC000F	?lr0017	.DCD	3FC000Fh	; used 1 time(s)
00000140    AAAAA800	?lr0018	.DCD	0AAAAA800h	; used 1 time(s)
00000144    400E8008	?lr0019	.DCD	400E8008h	; used 1 time(s)
00000148    0000FFE0	?lr0020	.DCD	0FFE0h	; used 1 time(s)
0000014C    FFFFFC00	?lr0021	.DCD	0FFFFFC00h	; used 1 time(s)
00000150    80000000	?lr0022	.DCD	80000000h	; used 1 time(s)
00000154    400C0000	?lr0023	.DCD	400C0000h	; used 1 time(s)
00000158    00008000	?lr0024	.DCD	8000h	; used 1 time(s)
0000015C    C0000000	?lr0025	.DCD	0C0000000h	; used 1 time(s)
00000160    00000AAA	?lr0026	.DCD	0AAAh	; used 1 time(s)
00000164    400C8000	?lr0027	.DCD	400C8000h	; used 1 time(s)
00000168    00007F80	?lr0028	.DCD	7F80h	; used 1 time(s)
0000016C    3FFFC000	?lr0029	.DCD	3FFFC000h	; used 1 time(s)
00000170    40000000	?lr0030	.DCD	40000000h	; used 1 time(s)
00000174    00008002	?lr0031	.DCD	8002h	; used 1 time(s)
00000178    400F0054	?lr0032	.DCD	400F0054h	; used 1 time(s)
0000017C    00000209	?lr0033	.DCD	209h	; used 1 time(s)

.ENDF

Eth_Config.c: 384 byte(s), 3783 line(s), 0 error(s), 0 warning(s)

