*******************************************************************************
*                                                                             *
*                 ARM C CROSS COMPILER Version 1.03.130923                    *
*                      Copyright (C) 2009 Phyton, Inc.                        *
*                                                                             *
*******************************************************************************

                  PHYInit??T:
;FILE: EthFunc.c
;000023    void PHYInit(uint8_t Addr, uint8_t Mode)
00000000    B530                       	PUSH            {R4,R5,R14} 
;000027                    tmp = ETHERNET->PHY_CTRL;
00000002    4C08                       	LDR             R4,?lr0000	; 30000034h
00000004    8822                       	LDRH            tmp?PHYInit,[R4,#0]
;000028                    tmp &= 0x0770;  //сбросили поля адреса PHY, режима работы по умолчанию, режим FiberOptic
00000006    4B08                       	LDR             R3,?lr0001	; 770h
00000008    401A                       	ANDS            tmp?PHYInit,R3
;000029                    tmp |= (Addr<<11)|(Mode<<1)|1;
0000000A    02C3                       	LSLS            R3,Addr?PHYInit,#11
0000000C    004D                       	LSLS            R5,Mode?PHYInit,#1
0000000E    432B                       	ORRS            R3,R5
00000010    2001                       	MOVS            Addr?PHYInit,#1
00000012    4303                       	ORRS            R3,Addr?PHYInit
00000014    431A                       	ORRS            tmp?PHYInit,R3
;000031                    ETHERNET->PHY_CTRL=tmp;
00000016    8022                       	STRH            tmp?PHYInit,[R4,#0]
;000032                    while((ETHERNET->PHY_STATUS&0x10)==0);  //ждем пока модуль в состоянии сброса
                     ??_1_DO:
00000018    8862                       	LDRH            R2,[R4,#2]
0000001A    2010                       	MOVS            R0,#16
0000001C    4002                       	ANDS            R2,R0
0000001E    D0FB                       	BEQ             ??_1_DO
;000033    }
00000020    BD30                       	POP             {R4,R5,R15} 

.ALIGN	2
00000024    30000034	?lr0000	.DCD	30000034h	; used 1 time(s)
00000028    00000770	?lr0001	.DCD	770h	; used 1 time(s)

.ENDF
                SetPHYReg??T:
;000039    void SetPHYReg(uint8_t Addr, uint8_t Num, uint16_t Data)
0000002C    B530                       	PUSH            {R4,R5,R14} 
;000042            ETHERNET->MDIO_DATA=Data;
0000002E    4C07                       	LDR             R4,?lr0002	; 30000024h
00000030    8062                       	STRH            Data?SetPHYReg,[R4,#2]
;000043            i=0xC000|((Addr&0x1F)<<8)|(Num&0x1F)|(0x01<<5);
00000032    06C3                       	LSLS            i?SetPHYReg,Addr?SetPHYReg,#27
00000034    0CDB                       	LSRS            i?SetPHYReg,i?SetPHYReg,#19
00000036    201F                       	MOVS            Addr?SetPHYReg,#31
00000038    4001                       	ANDS            Num?SetPHYReg,Addr?SetPHYReg
0000003A    430B                       	ORRS            i?SetPHYReg,Num?SetPHYReg
0000003C    4D04                       	LDR             R5,?lr0003	; 0C020h
0000003E    432B                       	ORRS            i?SetPHYReg,R5
;000044            ETHERNET->MDIO_CTRL=(uint16_t)i;
00000040    8023                       	STRH            i?SetPHYReg,[R4,#0]
;000045            while((ETHERNET->MDIO_CTRL&0x8000)==0);
                     ??_2_DO:
00000042    8823                       	LDRH            R3,[R4,#0]
00000044    4903                       	LDR             R1,?lr0004	; 8000h
00000046    400B                       	ANDS            R3,R1
00000048    D0FB                       	BEQ             ??_2_DO
;000046    }
0000004A    BD30                       	POP             {R4,R5,R15} 

0000004C    30000024	?lr0002	.DCD	30000024h	; used 1 time(s)
00000050    0000C020	?lr0003	.DCD	0C020h	; used 1 time(s)
00000054    00008000	?lr0004	.DCD	8000h	; used 1 time(s)

.ENDF
                GetPHYReg??T:
;000052    uint16_t GetPHYReg(uint8_t Addr, uint8_t Num)
;000055            i=0xE000|((Addr&0x1F)<<8)|(0x1<<5)|(Num&0x1F);
00000058    06C2                       	LSLS            i?GetPHYReg,Addr?GetPHYReg,#27
0000005A    0CD2                       	LSRS            i?GetPHYReg,i?GetPHYReg,#19
0000005C    201F                       	MOVS            Addr?GetPHYReg,#31
0000005E    4001                       	ANDS            Num?GetPHYReg,Addr?GetPHYReg
00000060    430A                       	ORRS            i?GetPHYReg,Num?GetPHYReg
00000062    4B05                       	LDR             R3,?lr0005	; 0E020h
00000064    431A                       	ORRS            i?GetPHYReg,R3
;000056            ETHERNET->MDIO_CTRL=(uint16_t)i;
00000066    4B05                       	LDR             R3,?lr0006	; 30000024h
00000068    801A                       	STRH            i?GetPHYReg,[R3,#0]
;000057            while((ETHERNET->MDIO_CTRL&0x8000)==0);
                     ??_3_DO:
0000006A    881A                       	LDRH            R2,[R3,#0]
0000006C    4904                       	LDR             R1,?lr0007	; 8000h
0000006E    400A                       	ANDS            R2,R1
00000070    D0FB                       	BEQ             ??_3_DO
;000058            return  ETHERNET->MDIO_DATA;
00000072    8858                       	LDRH            R0,[R3,#2]
;000059    }
00000074    4770                       	BX              R14

.ALIGN	2
00000078    0000E020	?lr0005	.DCD	0E020h	; used 1 time(s)
0000007C    30000024	?lr0006	.DCD	30000024h	; used 1 time(s)
00000080    00008000	?lr0007	.DCD	8000h	; used 1 time(s)

.ENDF
           EthernetConfig??T:
;000069    void EthernetConfig()
00000084    B510                       	PUSH            {R4,R14} 
;000071            PHYInit(0x1C,3);        //PHY address 0x1C, Mode 100BaseT_Full_Duplex
00000086    201C                       	MOVS            R0,#28
00000088    2103                       	MOVS            R1,#3
0000008A    FFB9F7FF                   	BLF             PHYInit??T
;000073            ETHERNET->MAC_T=MyMAC[0];
0000008E    4806                       	LDR             R0,?lr0008	; MyMAC
00000090    8801                       	LDRH            R1,[R0,#0]
00000092    4C06                       	LDR             R4,?lr0009	; 30000000h
00000094    8061                       	STRH            R1,[R4,#2]
;000074            ETHERNET->MAC_M=MyMAC[1];
00000096    8841                       	LDRH            R1,[R0,#2]
00000098    80A1                       	STRH            R1,[R4,#4]
;000075            ETHERNET->MAC_H=MyMAC[2];
0000009A    8881                       	LDRH            R1,[R0,#4]
0000009C    80E1                       	STRH            R1,[R4,#6]
;000077            MACReset();
0000009E    F809F000                   	BLF             MACReset??T
;000078            ETHERNET->IMR=0x0101;   //разрешение прерываний при успешном приеме пакета
000000A2    4803                       	LDR             R0,?lr0010	; 101h
000000A4    8420                       	STRH            R0,[R4,#32]
;000079    }
000000A6    BD10                       	POP             {R4,R15} 

000000A8    00000000	?lr0008	.DCD	MyMAC	; used 1 time(s)
000000AC    30000000	?lr0009	.DCD	30000000h	; used 1 time(s)
000000B0    00000101	?lr0010	.DCD	101h	; used 1 time(s)

.ENDF
                 MACReset??T:
;000082    void MACReset()
000000B4    B510                       	PUSH            {R4,R14} 
;000084            ETHERNET->G_CFG|=0x00030000;    //RRST=1, XRST=1 сброс приемника и передатчика
000000B6    4C13                       	LDR             R4,?lr0011	; 30000000h
000000B8    69E0                       	LDR             R0,[R4,#28]
000000BA    4913                       	LDR             R1,?lr0012	; 30000h
000000BC    4308                       	ORRS            R0,R1
000000BE    61E0                       	STR             R0,[R4,#28]
;000086            ClearMemory();
000000C0    F834F000                   	BLF             ClearMemory??T
;000088            ETHERNET->Delimiter=0x1000;     //4096 байт буфер передатчика, 4096 байт буфер приемника
000000C4    4911                       	LDR             R1,?lr0013	; 1000h
000000C6    8021                       	STRH            R1,[R4,#0]
;000090            ETHERNET->HASH0=0;
000000C8    2000                       	MOVS            R0,#0
000000CA    8120                       	STRH            R0,[R4,#8]
;000091            ETHERNET->HASH1=0;
000000CC    8160                       	STRH            R0,[R4,#10]
;000092            ETHERNET->HASH2=0;
000000CE    81A0                       	STRH            R0,[R4,#12]
;000093            ETHERNET->HASH3=0x8000;
000000D0    4A0F                       	LDR             R2,?lr0014	; 8000h
000000D2    81E2                       	STRH            R2,[R4,#14]
;000095            ETHERNET->IPG=0x0060;
000000D4    2260                       	MOVS            R2,#96
000000D6    8222                       	STRH            R2,[R4,#16]
;000096            ETHERNET->PSC=0x0050;
000000D8    2250                       	MOVS            R2,#80
000000DA    8262                       	STRH            R2,[R4,#18]
;000097            ETHERNET->BAG=0x0200;
000000DC    4A0D                       	LDR             R2,?lr0015	; 200h
000000DE    82A2                       	STRH            R2,[R4,#20]
;000098            ETHERNET->JitterWnd=0x0005;
000000E0    2205                       	MOVS            R2,#5
000000E2    82E2                       	STRH            R2,[R4,#22]
;000099            ETHERNET->R_CFG=0x8406;
000000E4    4A0C                       	LDR             R2,?lr0016	; 8406h
000000E6    8322                       	STRH            R2,[R4,#24]
;000100            ETHERNET->X_CFG=0x81FA;
000000E8    4A0C                       	LDR             R2,?lr0017	; 81FAh
000000EA    8362                       	STRH            R2,[R4,#26]
;000102            ETHERNET->G_CFG=0x30030080;     //линейный режим работы буферов.
000000EC    4A0C                       	LDR             R2,?lr0018	; 30030080h
000000EE    61E2                       	STR             R2,[R4,#28]
;000104            ETHERNET->IMR=0;
000000F0    8420                       	STRH            R0,[R4,#32]
;000105            ETHERNET->IFR=0xFFFF;
000000F2    4A0C                       	LDR             R2,?lr0019	; 0FFFFh
000000F4    8462                       	STRH            R2,[R4,#34]
;000107            ETHERNET->R_Head=0x0000;
000000F6    8520                       	STRH            R0,[R4,#40]
;000108            ETHERNET->X_Tail=0x1000;
000000F8    8561                       	STRH            R1,[R4,#42]
;000110            ETHERNET->G_CFG&=0xFFFCBFFF;    //RRST=0, XRST=0 штатный режим работы
000000FA    69E0                       	LDR             R0,[R4,#28]
000000FC    490A                       	LDR             R1,?lr0020	; 0FFFCBFFFh
000000FE    4008                       	ANDS            R0,R1
00000100    61E0                       	STR             R0,[R4,#28]
;000111    }
00000102    BD10                       	POP             {R4,R15} 

00000104    30000000	?lr0011	.DCD	30000000h	; used 1 time(s)
00000108    00030000	?lr0012	.DCD	30000h	; used 1 time(s)
0000010C    00001000	?lr0013	.DCD	1000h	; used 1 time(s)
00000110    00008000	?lr0014	.DCD	8000h	; used 1 time(s)
00000114    00000200	?lr0015	.DCD	200h	; used 1 time(s)
00000118    00008406	?lr0016	.DCD	8406h	; used 1 time(s)
0000011C    000081FA	?lr0017	.DCD	81FAh	; used 1 time(s)
00000120    30030080	?lr0018	.DCD	30030080h	; used 1 time(s)
00000124    0000FFFF	?lr0019	.DCD	0FFFFh	; used 1 time(s)
00000128    FFFCBFFF	?lr0020	.DCD	0FFFCBFFFh	; used 1 time(s)

.ENDF
              ClearMemory??T:
;000116    void ClearMemory()
;000120            ptr=(uint32_t*)0x38000000;
0000012C    4904                       	LDR             ptr?ClearMemory,?lr0021	; 38000000h
;000121            for(Temp=0;Temp<2048;Temp++)    *ptr++=0;
0000012E    2000                       	MOVS            Temp?ClearMemory,#0
                   ??_4_LOOP:
00000130    2200                       	MOVS            R2,#0
00000132    600A                       	STR             R2,[ptr?ClearMemory,#0]
00000134    1D09                       	ADDS            ptr?ClearMemory,ptr?ClearMemory,#4
00000136    1C40                       	ADDS            Temp?ClearMemory,Temp?ClearMemory,#1
00000138    4A02                       	LDR             R2,?lr0022	; 800h
0000013A    4290                       	CMP             Temp?ClearMemory,R2
0000013C    D3F8                       	BCC             ??_4_LOOP
;000122    }
0000013E    4770                       	BX              R14

00000140    38000000	?lr0021	.DCD	38000000h	; used 1 time(s)
00000144    00000800	?lr0022	.DCD	800h	; used 1 time(s)

.ENDF
               ReadPacket??T:
;000131    uint32_t ReadPacket(_Rec_Frame* Frame)
00000148    4641                       	MOV             R1,R8
0000014A    B5F2                       	PUSH            {R1,R4-R7,R14} 
0000014C    B081                       	SUB             R13,#4
;000133            uint16_t space_start=0;
;000134            uint16_t space_end=0;
;000141            tail=ETHERNET->R_Tail;
0000014E    492C                       	LDR             R1,?lr0023	; 30000028h
00000150    888B                       	LDRH            tail?ReadPacket,[R1,#4]
;000142            head=ETHERNET->R_Head;
00000152    880A                       	LDRH            head?ReadPacket,[R1,#0]
;000144            if(tail>head)
00000154    4614                       	MOV             R4,head?ReadPacket
00000156    429A                       	CMP             head?ReadPacket,tail?ReadPacket
00000158    DA01                       	BGE             ??_5_ELSE
;000145            {
;000146                    space_end=tail-head;
0000015A    1A9D                       	SUBS            space_end?ReadPacket,tail?ReadPacket,head?ReadPacket
;000147                    space_start=0;
;000148            }
0000015C    E001                       	B               ??_5_END
                   ??_5_ELSE:
;000150            {
;000151                    space_end=0x1000-head;
0000015E    4929                       	LDR             R1,?lr0024	; 1000h
00000160    1A8D                       	SUBS            space_end?ReadPacket,R1,head?ReadPacket
;000152                    space_start=tail;
;000153            }
                    ??_5_END:
;000155            src=(uint32_t*)(0x38000000+head);
00000162    4929                       	LDR             R1,?lr0025	; 38000000h
00000164    440C                       	ADD             src?ReadPacket,R1
;000156            dst=(uint32_t*)(Frame->Data);
00000166    4606                       	MOV             dst?ReadPacket,Frame?ReadPacket
;000158            *((uint32_t*)tmp)=*src++;       //прочитали кол-во байт в полученном пакете
00000168    6821                       	LDR             R1,[src?ReadPacket,#0]
0000016A    9100                       	STR             R1,[R13,#tmp?ReadPacket]
0000016C    1D24                       	ADDS            src?ReadPacket,src?ReadPacket,#4
;000159            space_end-=4;
0000016E    1F2D                       	SUBS            space_end?ReadPacket,space_end?ReadPacket,#4
;000160            if((uint16_t)src>0xFFF) src=(uint32_t*)0x38000000;
00000170    B2A1                       	UXTH            R1,src?ReadPacket
00000172    4A24                       	LDR             R2,?lr0024	; 1000h
00000174    4291                       	CMP             R1,R2
00000176    DB00                       	BLT             ??_6_ELSE
00000178    4C23                       	LDR             src?ReadPacket,?lr0025	; 38000000h
                   ??_6_ELSE:
;000162            size=(tmp[0]+3)/4;
0000017A    4669                       	MOV             R1,R13
0000017C    8809                       	LDRH            R1,[R1,#tmp?ReadPacket]
0000017E    1CC8                       	ADDS            R0,R1,#3
00000180    2104                       	MOVS            R1,#4
00000182    FF3DF7FF                   	BLF             ??DIV32
00000186    4607                       	MOV             size?ReadPacket,R0
;000163            if(tmp[0]<=space_end)
00000188    B2A9                       	UXTH            R1,space_end?ReadPacket
0000018A    4688                       	MOV             R8,R1
0000018C    466A                       	MOV             R2,R13
0000018E    8812                       	LDRH            R2,[R2,#tmp?ReadPacket]
00000190    4291                       	CMP             R1,R2
00000192    DB09                       	BLT             ??_7_ELSE
;000164            {
;000165                    for(i=0;i<size;i++)
00000194    2500                       	MOVS            i?ReadPacket,#0
00000196    E004                       	B               ??_8_CHECK
                   ??_8_LOOP:
;000166                            *dst++ = *src++;
00000198    6821                       	LDR             R1,[src?ReadPacket,#0]
0000019A    6031                       	STR             R1,[dst?ReadPacket,#0]
0000019C    1D36                       	ADDS            dst?ReadPacket,dst?ReadPacket,#4
0000019E    1D24                       	ADDS            src?ReadPacket,src?ReadPacket,#4
000001A0    1C6D                       	ADDS            i?ReadPacket,i?ReadPacket,#1
                  ??_8_CHECK:
000001A2    42BD                       	CMP             i?ReadPacket,size?ReadPacket
000001A4    D3F8                       	BCC             ??_8_LOOP
;000167            }
000001A6    E01B                       	B               ??_7_END
                   ??_7_ELSE:
;000169            {
;000170                    size=size-space_end/4;
000001A8    4640                       	MOV             R0,R8
000001AA    2104                       	MOVS            R1,#4
000001AC    FF28F7FF                   	BLF             ??DIV32
000001B0    1A3F                       	SUBS            size?ReadPacket,size?ReadPacket,R0
;000171                    for(i=0; i<(space_end/4); i++)
000001B2    2500                       	MOVS            i?ReadPacket,#0
000001B4    E004                       	B               ??_9_CHECK
                   ??_9_LOOP:
;000172                            *dst++ = *src++;
000001B6    6821                       	LDR             R1,[src?ReadPacket,#0]
000001B8    6031                       	STR             R1,[dst?ReadPacket,#0]
000001BA    1D36                       	ADDS            dst?ReadPacket,dst?ReadPacket,#4
000001BC    1D24                       	ADDS            src?ReadPacket,src?ReadPacket,#4
000001BE    1C6D                       	ADDS            i?ReadPacket,i?ReadPacket,#1
                  ??_9_CHECK:
000001C0    4640                       	MOV             R0,R8
000001C2    2104                       	MOVS            R1,#4
000001C4    FF1CF7FF                   	BLF             ??DIV32
000001C8    4285                       	CMP             i?ReadPacket,R0
000001CA    D3F4                       	BCC             ??_9_LOOP
;000173                    src=(uint32_t*)0x38000000;
000001CC    4C0E                       	LDR             src?ReadPacket,?lr0025	; 38000000h
;000174                    for(i=0; i<size; i++)
000001CE    2500                       	MOVS            i?ReadPacket,#0
000001D0    E004                       	B               ??_10_CHECK
                  ??_10_LOOP:
;000175                            *dst++ = *src++;
000001D2    6821                       	LDR             R1,[src?ReadPacket,#0]
000001D4    6031                       	STR             R1,[dst?ReadPacket,#0]
000001D6    1D36                       	ADDS            dst?ReadPacket,dst?ReadPacket,#4
000001D8    1D24                       	ADDS            src?ReadPacket,src?ReadPacket,#4
000001DA    1C6D                       	ADDS            i?ReadPacket,i?ReadPacket,#1
                 ??_10_CHECK:
000001DC    42BD                       	CMP             i?ReadPacket,size?ReadPacket
000001DE    D3F8                       	BCC             ??_10_LOOP
;000176            }
                    ??_7_END:
;000177            if((uint16_t)src>0xFFF) src=(uint32_t*)0x38000000;
000001E0    B2A1                       	UXTH            R1,src?ReadPacket
000001E2    4A08                       	LDR             R2,?lr0024	; 1000h
000001E4    4291                       	CMP             R1,R2
000001E6    DB00                       	BLT             ??_11_ELSE
000001E8    4C07                       	LDR             src?ReadPacket,?lr0025	; 38000000h
                  ??_11_ELSE:
;000179            ETHERNET->R_Head=(uint16_t)src;
000001EA    4905                       	LDR             R1,?lr0023	; 30000028h
000001EC    800C                       	STRH            src?ReadPacket,[R1,#0]
;000180            ETHERNET->STAT-=0x20;
000001EE    890A                       	LDRH            R2,[R1,#8]
000001F0    3A20                       	SUBS            R2,#32
000001F2    810A                       	STRH            R2,[R1,#8]
;000181            return tmp[0];
000001F4    4668                       	MOV             R0,R13
000001F6    8800                       	LDRH            R0,[R0,#tmp?ReadPacket]
;000182    }
000001F8    B001                       	ADD             R13,#4
000001FA    BCF2                       	POP             {R1,R4-R7} 
000001FC    4688                       	MOV             R8,R1
000001FE    BD00                       	POP             {R15} 

00000200    30000028	?lr0023	.DCD	30000028h	; used 2 time(s)
00000204    00001000	?lr0024	.DCD	1000h	; used 3 time(s)
00000208    38000000	?lr0025	.DCD	38000000h	; used 4 time(s)

.ENDF
               SendPacket??T:
;000187    int     SendPacket(void* buffer, int size)
0000020C    4642                       	MOV             R2,R8
0000020E    B5F4                       	PUSH            {R2,R4-R7,R14} 
00000210    B082                       	SUB             R13,#8
00000212    4688                       	MOV             R8,R1
;000194            head = ETHERNET->X_Head;
00000214    493B                       	LDR             R1,?lr0026	; 30000028h
00000216    88CA                       	LDRH            head?SendPacket,[R1,#6]
;000195            tail = ETHERNET->X_Tail;
00000218    884C                       	LDRH            tail?SendPacket,[R1,#2]
;000198            if(head>tail)
0000021A    4294                       	CMP             tail?SendPacket,head?SendPacket
0000021C    D206                       	BCS             ??_12_ELSE
;000199            {
;000200                    space[0]=head-tail;
0000021E    1B11                       	SUBS            R1,head?SendPacket,tail?SendPacket
00000220    466A                       	MOV             head?SendPacket,R13
00000222    8091                       	STRH            R1,[head?SendPacket,#space?SendPacket]
;000201                    space[1]=0;
00000224    2100                       	MOVS            R1,#0
00000226    466A                       	MOV             R2,R13
00000228    80D1                       	STRH            R1,[R2,#(space?SendPacket+2)]
;000202            } else
0000022A    E007                       	B               ??_12_END
                  ??_12_ELSE:
;000203            {
;000204                    space[0]=0x2000-tail;
0000022C    4936                       	LDR             R1,?lr0027	; 2000h
0000022E    1B09                       	SUBS            R1,R1,tail?SendPacket
00000230    466B                       	MOV             R3,R13
00000232    8099                       	STRH            R1,[R3,#space?SendPacket]
;000205                    space[1]=head-0x1000;
00000234    4935                       	LDR             R1,?lr0028	; 0F000h
00000236    440A                       	ADD             head?SendPacket,R1
00000238    4669                       	MOV             R1,R13
0000023A    80CA                       	STRH            head?SendPacket,[R1,#(space?SendPacket+2)]
;000206            }
                   ??_12_END:
;000209            if(size>(space[0]+space[1]-8))  return 0;       //-8, так как 4 байта занимает поле длины данных и 4 байта занимает поле статуса пакета
0000023C    466A                       	MOV             R2,R13
0000023E    8892                       	LDRH            R2,[R2,#space?SendPacket]
00000240    4669                       	MOV             R1,R13
00000242    88C9                       	LDRH            R1,[R1,#(space?SendPacket+2)]
00000244    440A                       	ADD             R2,R1
00000246    3A08                       	SUBS            R2,#8
00000248    4542                       	CMP             R2,size?SendPacket
0000024A    DA01                       	BGE             ??_13_ELSE
0000024C    2000                       	MOVS            R0,#0
0000024E    E055                       	B               ??_EXIT?_SendPacket
                  ??_13_ELSE:
;000211            tmp=size;
00000250    4646                       	MOV             tmp?SendPacket,size?SendPacket
;000212            src=buffer;
00000252    4605                       	MOV             src?SendPacket,buffer?SendPacket
;000213            dst=(uint32_t*)(0x38000000+tail);
00000254    492E                       	LDR             R1,?lr0029	; 38000000h
00000256    440C                       	ADD             dst?SendPacket,R1
;000215            *dst++ =tmp;
00000258    6026                       	STR             tmp?SendPacket,[dst?SendPacket,#0]
0000025A    1D24                       	ADDS            dst?SendPacket,dst?SendPacket,#4
;000216            space[0]-=4;
0000025C    4669                       	MOV             R1,R13
0000025E    8889                       	LDRH            R1,[R1,#space?SendPacket]
00000260    1F09                       	SUBS            R1,R1,#4
00000262    4668                       	MOV             R0,R13
00000264    8081                       	STRH            R1,[R0,#space?SendPacket]
;000217            if((uint16_t)dst>0x1FFC)        dst=(uint32_t*)0x38001000;
00000266    B2A2                       	UXTH            R2,dst?SendPacket
00000268    492A                       	LDR             R1,?lr0030	; 1FFDh
0000026A    428A                       	CMP             R2,R1
0000026C    DB00                       	BLT             ??_14_ELSE
0000026E    4C2A                       	LDR             dst?SendPacket,?lr0031	; 38001000h
                  ??_14_ELSE:
;000219            tmp=(size+3)/4;
00000270    4641                       	MOV             R1,size?SendPacket
00000272    1CC8                       	ADDS            R0,R1,#3
00000274    2104                       	MOVS            R1,#4
00000276    FEC3F7FF                   	BLF             ??DIV32
0000027A    4606                       	MOV             tmp?SendPacket,R0
;000221            if(size<=space[0])
0000027C    466A                       	MOV             R2,R13
0000027E    8892                       	LDRH            R2,[R2,#space?SendPacket]
00000280    4542                       	CMP             R2,size?SendPacket
00000282    DB0A                       	BLT             ??_15_ELSE
;000222            {
;000223                    for(i=0; i<tmp; i++)
00000284    2700                       	MOVS            i?SendPacket,#0
00000286    E004                       	B               ??_16_CHECK
                  ??_16_LOOP:
;000224                            *dst++ = *src++;
00000288    6829                       	LDR             R1,[src?SendPacket,#0]
0000028A    6021                       	STR             R1,[dst?SendPacket,#0]
0000028C    1D24                       	ADDS            dst?SendPacket,dst?SendPacket,#4
0000028E    1D2D                       	ADDS            src?SendPacket,src?SendPacket,#4
00000290    1C7F                       	ADDS            i?SendPacket,i?SendPacket,#1
                 ??_16_CHECK:
00000292    B2B9                       	UXTH            R1,i?SendPacket
00000294    42B1                       	CMP             R1,tmp?SendPacket
00000296    D3F7                       	BCC             ??_16_LOOP
;000225            }
00000298    E021                       	B               ??_15_END
                  ??_15_ELSE:
;000227            {
;000228                    tmp-=space[0]/4;
0000029A    4668                       	MOV             R0,R13
0000029C    8880                       	LDRH            R0,[R0,#space?SendPacket]
0000029E    2104                       	MOVS            R1,#4
000002A0    FEAEF7FF                   	BLF             ??DIV32
000002A4    1A36                       	SUBS            tmp?SendPacket,tmp?SendPacket,R0
;000229                    for(i=0;i<(space[0]/4);i++)
000002A6    2700                       	MOVS            i?SendPacket,#0
000002A8    E004                       	B               ??_17_CHECK
                  ??_17_LOOP:
;000230                            *dst++ = *src++;
000002AA    6829                       	LDR             R1,[src?SendPacket,#0]
000002AC    6021                       	STR             R1,[dst?SendPacket,#0]
000002AE    1D24                       	ADDS            dst?SendPacket,dst?SendPacket,#4
000002B0    1D2D                       	ADDS            src?SendPacket,src?SendPacket,#4
000002B2    1C7F                       	ADDS            i?SendPacket,i?SendPacket,#1
                 ??_17_CHECK:
000002B4    B2B9                       	UXTH            R1,i?SendPacket
000002B6    9100                       	STR             R1,[R13,#0]
000002B8    4668                       	MOV             R0,R13
000002BA    8880                       	LDRH            R0,[R0,#space?SendPacket]
000002BC    2104                       	MOVS            R1,#4
000002BE    FE9FF7FF                   	BLF             ??DIV32
000002C2    9900                       	LDR             R1,[R13,#0]
000002C4    4281                       	CMP             R1,R0
000002C6    DBF0                       	BLT             ??_17_LOOP
;000231                    dst=(uint32_t*)0x38001000;
000002C8    4C13                       	LDR             dst?SendPacket,?lr0031	; 38001000h
;000232                    for(i=0;i<tmp;i++)
000002CA    2700                       	MOVS            i?SendPacket,#0
000002CC    E004                       	B               ??_18_CHECK
                  ??_18_LOOP:
;000233                            *dst++ = *src++;
000002CE    6829                       	LDR             R1,[src?SendPacket,#0]
000002D0    6021                       	STR             R1,[dst?SendPacket,#0]
000002D2    1D24                       	ADDS            dst?SendPacket,dst?SendPacket,#4
000002D4    1D2D                       	ADDS            src?SendPacket,src?SendPacket,#4
000002D6    1C7F                       	ADDS            i?SendPacket,i?SendPacket,#1
                 ??_18_CHECK:
000002D8    B2B9                       	UXTH            R1,i?SendPacket
000002DA    42B1                       	CMP             R1,tmp?SendPacket
000002DC    D3F7                       	BCC             ??_18_LOOP
;000234            }
                   ??_15_END:
;000235            if((uint16_t)dst>0x1FFC)        dst=(uint32_t*)0x38001000;
000002DE    B2A2                       	UXTH            R2,dst?SendPacket
000002E0    490C                       	LDR             R1,?lr0030	; 1FFDh
000002E2    428A                       	CMP             R2,R1
000002E4    DB00                       	BLT             ??_19_ELSE
000002E6    4C0C                       	LDR             dst?SendPacket,?lr0031	; 38001000h
                  ??_19_ELSE:
;000236            tmp=0;
;000237            *dst++ =tmp;
000002E8    2200                       	MOVS            R2,#0
000002EA    6022                       	STR             R2,[dst?SendPacket,#0]
000002EC    1D24                       	ADDS            dst?SendPacket,dst?SendPacket,#4
;000238            if((uint16_t)dst>0x1FFC)        dst=(uint32_t*)0x38001000;
000002EE    B2A2                       	UXTH            R2,dst?SendPacket
000002F0    428A                       	CMP             R2,R1
000002F2    DB00                       	BLT             ??_20_ELSE
000002F4    4C08                       	LDR             dst?SendPacket,?lr0031	; 38001000h
                  ??_20_ELSE:
;000240            ETHERNET->X_Tail=(uint16_t)dst;
000002F6    4903                       	LDR             R1,?lr0026	; 30000028h
000002F8    804C                       	STRH            dst?SendPacket,[R1,#2]
;000241            return  size;
000002FA    4640                       	MOV             R0,size?SendPacket
;000242    }
         ??_EXIT?_SendPacket:
000002FC    B002                       	ADD             R13,#8
000002FE    BCF4                       	POP             {R2,R4-R7} 
00000300    4690                       	MOV             R8,R2
00000302    BD00                       	POP             {R15} 

00000304    30000028	?lr0026	.DCD	30000028h	; used 2 time(s)
00000308    00002000	?lr0027	.DCD	2000h	; used 1 time(s)
0000030C    0000F000	?lr0028	.DCD	0F000h	; used 1 time(s)
00000310    38000000	?lr0029	.DCD	38000000h	; used 1 time(s)
00000314    00001FFD	?lr0030	.DCD	1FFDh	; used 2 time(s)
00000318    38001000	?lr0031	.DCD	38001000h	; used 4 time(s)

.ENDF

EthFunc.c: 796 byte(s), 3976 line(s), 0 error(s), 0 warning(s)

