*******************************************************************************
*                                                                             *
*                 ARM C CROSS COMPILER Version 1.03.130923                    *
*                      Copyright (C) 2009 Phyton, Inc.                        *
*                                                                             *
*******************************************************************************

                  CallRAM??T:
;FILE: RamFunctions.c
;000008    void CallRAM(uint32_t address)
00000000    B530                       	PUSH            {R4,R5,R14} 
;000012            PORTE->CLRTX=0x40;
00000002    2540                       	MOVS            R5,#64
00000004    4C02                       	LDR             R4,?lr0000	; 400C8020h
00000006    6065                       	STR             R5,[R4,#4]
;000013            ((void(*)(void))(address))();
00000008    4780                       	BLX             address?CallRAM
;000014            PORTE->SETTX=0x40;
0000000A    6025                       	STR             R5,[R4,#0]
;000015    }
0000000C    BD30                       	POP             {R4,R5,R15} 

.ALIGN	2
00000010    400C8020	?lr0000	.DCD	400C8020h	; used 1 time(s)

.ENDF
           WriteByteToRAM??T:
;000020    void WriteByteToRAM(uint32_t address, unsigned char b)
;000022            unsigned char * ptr = (unsigned char *)address;
;000023            PORTE->CLRTX=0x40;
00000014    2340                       	MOVS            R3,#64
00000016    4A02                       	LDR             R2,?lr0001	; 400C8020h
00000018    6053                       	STR             R3,[R2,#4]
;000024            *ptr = b;
0000001A    7001                       	STRB            b?WriteByteToRAM,[ptr?WriteByteToRAM,#0]
;000025            PORTE->SETTX=0x40;
0000001C    6013                       	STR             R3,[R2,#0]
;000026    }
0000001E    4770                       	BX              R14

00000020    400C8020	?lr0001	.DCD	400C8020h	; used 1 time(s)

.ENDF
           WriteDataToRAM??T:
;000032    void WriteDataToRAM(uint32_t address, uint32_t inv)
00000024    B530                       	PUSH            {R4,R5,R14} 
;000037            ptr=(uint32_t*)address;
;000039            PORTE->CLRTX=0x40;
00000026    2540                       	MOVS            R5,#64
00000028    4C0A                       	LDR             R4,?lr0002	; 400C8020h
0000002A    6065                       	STR             R5,[R4,#4]
;000041            if(!inv)
0000002C    2900                       	CMP             inv?WriteDataToRAM,#0
0000002E    D107                       	BNE             ??_1_ELSE
;000042                    for(tmp=0;tmp<0x40000;tmp++)    {
00000030    2200                       	MOVS            tmp?WriteDataToRAM,#0
                   ??_2_LOOP:
;000043                            *ptr++ =tmp;
00000032    6002                       	STR             tmp?WriteDataToRAM,[ptr?WriteDataToRAM,#0]
00000034    1D00                       	ADDS            ptr?WriteDataToRAM,ptr?WriteDataToRAM,#4
;000044                    }
00000036    1C52                       	ADDS            tmp?WriteDataToRAM,tmp?WriteDataToRAM,#1
00000038    4907                       	LDR             R1,?lr0003	; 40000h
0000003A    428A                       	CMP             tmp?WriteDataToRAM,R1
0000003C    D3F9                       	BCC             ??_2_LOOP
0000003E    E007                       	B               ??_1_END
                   ??_1_ELSE:
;000046                    for(tmp=0;tmp<0x40000;tmp++)    {
00000040    2200                       	MOVS            tmp?WriteDataToRAM,#0
                   ??_3_LOOP:
;000047                            *ptr++ =(~tmp);
00000042    43D3                       	MVNS            R3,tmp?WriteDataToRAM
00000044    6003                       	STR             R3,[ptr?WriteDataToRAM,#0]
00000046    1D00                       	ADDS            ptr?WriteDataToRAM,ptr?WriteDataToRAM,#4
;000048                    }
00000048    1C52                       	ADDS            tmp?WriteDataToRAM,tmp?WriteDataToRAM,#1
0000004A    4903                       	LDR             R1,?lr0003	; 40000h
0000004C    428A                       	CMP             tmp?WriteDataToRAM,R1
0000004E    D3F8                       	BCC             ??_3_LOOP
                    ??_1_END:
;000050            PORTE->SETTX=0x40;
00000050    6025                       	STR             R5,[R4,#0]
;000051    }
00000052    BD30                       	POP             {R4,R5,R15} 

00000054    400C8020	?lr0002	.DCD	400C8020h	; used 1 time(s)
00000058    00040000	?lr0003	.DCD	40000h	; used 2 time(s)

.ENDF
                 TestData??T:
;000058    uint32_t TestData(uint32_t address, uint32_t inv)
0000005C    B5F0                       	PUSH            {R4-R7,R14} 
;000062            ptr=(uint32_t*)address;
;000064            PORTE->CLRTX=0x40;
0000005E    2740                       	MOVS            R7,#64
00000060    4E0E                       	LDR             R6,?lr0004	; 400C8020h
00000062    6077                       	STR             R7,[R6,#4]
;000065            res=1;
00000064    2401                       	MOVS            res?TestData,#1
;000067            if(!inv)
00000066    2900                       	CMP             inv?TestData,#0
00000068    D109                       	BNE             ??_4_ELSE
;000068            {
;000069                    for(tmp=0;tmp<0x40000;tmp++)
0000006A    2200                       	MOVS            tmp?TestData,#0
                   ??_5_LOOP:
;000070                    {
;000071                            data=*ptr++;
0000006C    6803                       	LDR             data?TestData,[ptr?TestData,#0]
0000006E    1D00                       	ADDS            ptr?TestData,ptr?TestData,#4
;000072                            if(data!=tmp)
00000070    4293                       	CMP             data?TestData,tmp?TestData
;000073                            {
;000074                                    res=0;
;000075                                    break;
00000072    D10A                       	BNE             ??_9_COMMON
;000076                            }
;000077                    }
00000074    1C52                       	ADDS            tmp?TestData,tmp?TestData,#1
00000076    490A                       	LDR             R1,?lr0005	; 40000h
00000078    428A                       	CMP             tmp?TestData,R1
0000007A    D3F7                       	BCC             ??_5_LOOP
;000078            }
0000007C    E00B                       	B               ??_4_END
                   ??_4_ELSE:
;000080            {
;000081                    for(tmp=0;tmp<0x40000;tmp++)
0000007E    2200                       	MOVS            tmp?TestData,#0
                   ??_7_LOOP:
;000082                    {
;000083                            data=*ptr++;
00000080    6803                       	LDR             data?TestData,[ptr?TestData,#0]
00000082    1D00                       	ADDS            ptr?TestData,ptr?TestData,#4
;000084                            if(data!=(~tmp))
00000084    43D5                       	MVNS            R5,tmp?TestData
00000086    42AB                       	CMP             data?TestData,R5
00000088    D001                       	BEQ             ??_8_ELSE
;000085                            {
;000086                                    res=0;
                 ??_9_COMMON:
0000008A    2400                       	MOVS            res?TestData,#0
;000087                                    break;
0000008C    E003                       	B               ??_7_BREAK
;000088                            }
                   ??_8_ELSE:
;000089                    }
0000008E    1C52                       	ADDS            tmp?TestData,tmp?TestData,#1
00000090    4903                       	LDR             R1,?lr0005	; 40000h
00000092    428A                       	CMP             tmp?TestData,R1
00000094    D3F4                       	BCC             ??_7_LOOP
                  ??_7_BREAK:
;000090            }
                    ??_4_END:
;000092            PORTE->SETTX=0x40;
00000096    6037                       	STR             R7,[R6,#0]
;000093            return res;
00000098    4620                       	MOV             R0,res?TestData
;000094    }
0000009A    BDF0                       	POP             {R4-R7,R15} 

0000009C    400C8020	?lr0004	.DCD	400C8020h	; used 1 time(s)
000000A0    00040000	?lr0005	.DCD	40000h	; used 2 time(s)

.ENDF

RamFunctions.c: 164 byte(s), 3690 line(s), 0 error(s), 0 warning(s)

