##############################################################################
#                                                                            #
# IAR Z80/64180 C-Compiler V4.06A/W32                                        #
#                                                                            #
#       Compile time  =  05/Aug/2026  19:21:58                               #
#       Target option =  Z80                                                 #
#       Memory model  =  large                                               #
#       Source file   =  codebank_03.c                                       #
#       List file     =  ./obj/codebank_03.lst                               #
#       Object file   =  ./obj/codebank_03.r01                               #
#       ASM file      =  ./obj/codebank_03.s01                               #
#       Command line  =  -C -v0 -ml -s7 -S -uu -e -K -gA -O./obj/ -L./obj/   #
#                        -A./obj/ -ID:/ATM/nedoOS/iar/inc/                   #
#                        -ID:/ATM/nedoOS/src/kapps/iarlib/ codebank_03.c     #
#                                                                            #
#                           Copyright 2001 IAR Systems. All rights reserved. #
##############################################################################

      1            #pragma language=extended
      2            #pragma codeseg(CODE_RESIDENT)
      3            
      4            #include "mb_inc.h"
      5            
      6            /* Overlay bank 3 ? JT slot 0 -> r_bank_entry */
      7            
      8            extern void mb_report_bank(unsigned int bank_nr);
      9            
     10            void r_bank_entry(void)
     11            {
     12                    mb_report_bank(3u);
     13                    puts("bank03 ok\r\n");
     14            }

Errors: none
Warnings: none
Code size: 15
Constant size: 12
Static variable size: Data(0) Iram(0)

